Account Payable
Account Receivable
Accounting
Accounting Auditor
Accounting Clerk
Accounting Director
Accounting Manager
Accounting Supervisor
Active Members
Administrative
Administrative Clerk
Alternate names
Annual Revenue
Application
Assistant
Assistant Vice President
Associate Partner
AVP
Board
Board of Directors
Book Keeper
Branch Manager
Brands Sold
Business
Business Catagories
Business Development
Business Hours
Business Unit Manager
Buyer
CEO
Certified Public Accountant
CFO
Chairman
Chairwoman
Cheif
Chief Accountant
Chief Executive Officer
Chief Financial Officer
Chief Investment Officer
Chief Logistics Officer
Chief Marketing Officer
Chief Medical Officer
Chief Operating Officer
Chief Technology Officer
CIO
Clerk
CLO
CMO
Commercial
Company
Company Contacts
Controller
COO
Corporate Executive Management
Corporate Lawyer
Corporate Tax Accountant
Corporation
Cost Accountant
Country Manager
CPA
Credit Officer
CTO
Customer
Customer Account Manager
Customer Service
Date Filed
Development
Director
Domestic
Employees
EVP
Executive Assistant
Executive Director
Executive Secretary
Executive Vice President
Experience
Filing
Filing Type
Finance
Finance Director
Finance Manager
Finance Supervisor
Financial
For-Profit
Foreign
Founder
Founding Partner
General Council
General Manager
General Practice
Global
Global Sales
Governing Person
Headquarters
HQ
HR
Human Resources
Human Resources Management
Inactive Members
Inc.
Incorporated
Independent Board of Directors
Industry
Internal
International Business Development
International Sales
Inventory
Inventory Analyst
Inventory Controller
Inventory Planner
Key Customer
Key People
Legal Counselor
Legal Service
LLC
Loan Officer
Location Type
Logistics Coordinator
Logistics Director
Logistics Manager
Manager
Managing Director
Managing Partner
Marketing
Marketing Coordinator
Marketing Director
Marketing Strategist
Materials Analyst
NAICS Code
Non-Profit
Officer
Organizations
Owner
Para -Legal
Partner
Prepackaged
President
Principal
Private
Procurement & Sourcing
Procurement Coordinator
Procurement Supervisor
Product Manager
Product Portfolio Manager
Products
Profile Report
Program Director
Program Manager
Project Coordinator
Project Director
Project Management
Project Manager
Project Supervisor
Public Relations
Purchasing Director
Purchasing Manager
Purchasing Supervisor
Quality Controller
Quality Inspector
Quality Management
Recomendation
Records
Regional
Regional Manager
Registered Agent
Research
Restructuring
Revenue Estimate
Sales & Marketing
Sales Director
Sales Executive
Secretary
Senior Accountant
Senior Buyer
Senior Partner
Services
Services
SIC Code
Spokesman
Spokeswoman
Stage
State ID
Status
Statutory Agent
Superintendent
Supervisor
Supply
Supply Chain Director
Supply Chain Management
Supply Chain Manager
Technology
Treasurer
Vice President
Vice President Business Development
Vice-President
VP
Warehouse
Warehouse Coordinator
Warehouse Manager
Warehouse Supervisor
