Spencer B. Walker
John Andrews
Ben C. Reeves, Jr.
Michael W. Jackson
E. Paul Jones
Thomas M. Smith
Joseph D. Hubbard
Robert L. Burrell
Mike O'Dell
Brandon Kent Falls
Arthur Green, Jr.
Christopher E. Connolly
Gary L. McAliley
John M. Tyson, Jr.
Charles Baker
Ellen Brooks
Jimmie G. Harp, Jr.
Greg S. Griggers
Robert E. Owens, Jr.
Randall V. Houston
Douglas A. Valeska
Stephen M. Billy
Gregory L. Gambril
Tim Morgan
J. Christopher McCool
John J. Bostick
Kenneth E. Davis
Steve Marshall
Judy A. Newcomb
Steve Giddens
Richard J. Minor
Bryce U. Graham, Jr.
C. Wilson Blaylock
Kirke Adams
Joseph S. Rushing, III
Tommy Chapman
Jim Osborn
Nick Abbett
Charles R. Rhodes
Kristi A. Valls
Fred W. Thompson
Tommy Rountree
Criss Candelaria
Edward G. Rheinheimer
Terence C. Hance
Daisy Flores
Kenneth A. Angle
Derek D. Rapier
Sam Vederman
Andrew Thomas
Matthew Smith
Melvin R. Bowers, Jr.
Barbara LaWall
James P. Walsh
George E. Silva
Sheila S. Polk
Jon R. Smith
Thomas Orloff
William Richmond
Michael Ramsey
Jeffrey Tuttle
John Poyner
Robert Kochly
Michael Riese
Vernon Pierson
Elizabeth Egan
Robert Holzapfel
Paul Gallegos
Gilbert Otero
Arthur Maillet
Edward Jagels
Ronald Calhoun
Jon Hopkins
Robert Burns
Steve Cooley
Michael R. Keitz
Edward Berberian
Robert Brown
Meredith Lintott
Larry Morse
Gary Woolverton
George Booth
Dean Flippo
Gary Lieberstein
Clifford Newell
Tony Rackauckas
Bradford Fenocchio
Jeff Cunan
Paul Zellerbach
Jan Scully
Candice Hooper-Mancino
Michael Ramos
Bonnie Dumanis
Kamala Harris
James Willett
Gerald Shea
James Fox
Christie Stanley
Dolores Carr
Bob Lee
Gerald Benito
Lawrence Allen
J. Kirk Andrus
David Paulson
Stephan Passalacqua
Birgit Fladager
Carl Adams
Gregg Cohen
Michael Harper
Phillip Cline
Donald Segerstrom, Jr.
Gregory Totten
Jeff Reisig
Patrick McGrath
Scott Storey
Mitch Morrissey
Dan May
Craig Westberg
Larry Abrahamson
Bill Thiebaut
Bonnie Roesink
Don Quick
Mark Hurlbert
Kenneth Buck
Stanley Garnett
Pete Hautzinger
William Eddins
Peter Carlisle
Anita Alvarez
Charles Scott
Leon A. Cannizzaro, Jr.
David Soares
Terrence M. Parker
Robert T. Johnson
Gerald F. Mollen
Edward M. Sharkey
Jon E. Budelmann
David W. Foley
Weeden Wetmore
Joseph A. McBride
Andrew J. Wylie
Beth Cozzolino
David Hartnett
Richard D. Northrup
William V. Grady
Frank J. Clark
Julia A. Garcia
Derek P. Champagne
Louise K. Sira
Lawrence Friedman
Terry J. Wilhelm
John T. Curry
John H. Crandall
Charles J. Hynes
Cindy F. Intschert
Leanne K. Moser
Thomas E. Moran
Donald F. Cerio
Michael C. Green
James E. Conboy
Kathleen Rice
Cyrus Vance, Jr.
Michael J. Violante
Scott D. McNamara
William J. Fitzpatrick
Ross M. Tantillo
Francis D. Phillips
Joseph V. Cardone
Donald H. Dodd
John M. Muehl
Adam B. Levy
Richard A. Brown
Rich J. McNally
Daniel Donovan
Thomas P. Zugibe
Nicole Duvé
James A. Murphy, III
Robert M. Carney
James Sacket
Joseph Fazzary
Barry Porsch
John C. Tunney
Thomas Spota
Stephen F. Lungen
Gerald A. Keene
Gwen Wilkinson
D. Holley Carnright
Kathleen B. Hogan
Kevin Kortright
Richard M. Healy
Janet DiFiore
Gerald L. Stout
Susan H. Lindenmuth
Joshua Marquis
Stephen Zappala
Seth Williams
Susan Reed
Ronnie Earle
Richard Bohling
Michelle Burns
Jeani Stone
David Clark
Quentin Richardson
Joseph Baron
Norman Young
Patrick Korell
Dan Caldwell
Christopher Wages
Jon Forwood
Scott Sargeant
Michael Blonigan
Doyle Davies
Bryan Skoric
Eric Alden
Matthew Redle
Van Graham
Harold Moneyhun
Stephen Weichman
Mike Greer
Albert Sinn
Don Hansen
