Agency for Manpower
Agent
Apparel
Apparel Factory
Apparel Worker
Applicants
Average Lead Time
Baby Sitter
BAMRA
BMET Emigration Clearance Card
Brand Name
Brick
Business Type
Caregiver
Carpenter
CFO
Chef
Chemical
Chemical Worker
Chief Executive Officer
Child Care
Cleaning Labor
Cleaning Service
Construction Labor
Construction Laborer
Cook
Corporation
Delivery
Delivery Detail
Department of Trade and Industry
Deploy
Deploy Workers
Domestic Helper
Drivers
Electronics
Electronics Manufacturer
Emigration
Emigration Clearance Card
Employement Abroad
Established
Experience
Export Percentage
Factory
Factory Name
Factory Worker
Farm Labor
Farm Work
Field Worker
Field Worker Supply
Fish Packer
Fishing
FOB
FOB Price
Foreign
Foreign Employment
Foreign Employment Agency
Foreign Recruitment
Foreign Worker
Foreign Worker Supply
Foreign Workers
Furniture
Garment Factory
Garment Worker
Garments
General Labor
Handmade
Harvester
Honest
Hotel Room Boy
House Boy
House Cook
House Drivers
House Drivers
House Gardener
House Maid
Household Service Worker
Housemaid
Immigration
Intermational Market
International Airport
Janitor
Job Order
Labor
Labor Supplier
Labor Supply
Labour Recruiter
Labour Supplier
Landscaping
Language Spoken
Legal Documents
Licensed
Licensed Recruitment
Lorry Driver
Lowest Price
Maid
Maid Service
Maid Supply
Main Markets
Main Products
Manpower
Manpower Agency
Manpower Clearance Card
Manpower Company
Manpower Deployment
Manpower Export
Manpower Recruitment
Manpower Supplier
Manpower Supply
Manufacturing
Market
Market Cleaner
Mason
Min. Order
Min.Order Quantity
Minimum
Minimum Order
MoneyGram
No. Employees
Non-Registered
Order
Origin
Overseas
Overseas Companies
Packs
Packs Per Month
Painter
Pairs
Payment Terms
Per Month
Picker
Place of Origin
Placement
Placement Abroad
Placement Agency
Plastics
Plastics Worker
Plumber
Port
Product
Product Details
Product Name
Production Capacity
Qualified
Quantity
Recruit
Recruiter
Recruiting Agent
Recruitment
Recruitment Agency
Recruitment Service
Registered
Registered Recruitment Agency
Salary
Sandblaster
Scree
Semi-Skilled
Servant
Sewing Machine Operator
Shop Staff
Short Notice
Skilled
Smart Card
Social Exchange Commission
Supplier
Supply Ability
Supply Agency
Supply Deployment
Supply of Labor
Supply Service
T/T
TESDA
Textile
Total Annual Sales Volume
Trade
Trade Department
Trade Revenue
Train
Transportation
Unlicensed
Unskilled
Unskilled Construction
Unskilled Labor
Unskilled Labour
Unskilled Maid
Unskilled Manpower
Unskilled Worker
Unverified Supplier
Verified Supplier
Waiter
Waitress
Warehouse
Warehouse Laborer
Warehouse Worker
Welder
Western Union
Worker
Worker Deployment
Worker Supplier
Worker Supply Service
Years of Corporation
