Rm 15B, Block A, Duhui 100 Building, Zhonghang Road, Futian District
Rm 16I, Block A, Duhui 100 Building, Zhonghang Road, Futian District
Rm 15I, Block B, Duhui 100 Building, Zhonghang Road, Futian District
Rm 15J, Block B, Duhui 100 Building, Zhonghang Road, Futian District
Rm 3C037, Block ?, Duhui 100 Building, Zhonghang Road, Futian District
Rm 13R, Block B, Duhui 100 Building, Zhonghang Road, Futian District
Rm 161, Block A, Duhui 100 Building, Zhonghang Road, Futian District
Rm 161, Block A, Duhui 100 Building, Zhonghang Road, Futian District
Rm 28H, Block A, Duhui 100 Building, Zhonghang Road, Futian District
Rm 16H, Block B, Duhui 100 Building, Zhonghang Road, Futian District
Rm 094, Block B, Duhui 100 Building, Zhonghang Road, Futian District
Rm 6A, Block A, Duhui 100 Building, Zhonghang Road, Futian District
Rm 6A, Block A, Duhui 100 Building, Zhonghang Road, Futian District
Rm 25C, Block B, Duhui 100 Building, Zhonghang Road, Futian District
Rm 26J, Block B, Duhui 100 Building, Zhonghang Road, Futian District
Rm 11W, Block B, Duhui 100 Building, Zhonghang Road, Futian District
Rm 26G, Block B, Duhui 100 Building, Zhonghang Road, Futian District
Rm 20D, Block A, Duhui 100 Building, Zhonghang Road, Futian District
Rm 13B, Block B, Duhui 100 Building, Zhonghang Road, Futian District
Rm 12G, Block B, Duhui 100 Building, Zhonghang Road, Futian District
Rm 105, Block B, Duhui 100 Building, Zhonghang Road, Futian District
Rm 11W, Block B, Duhui 100 Building, Zhonghang Road, Futian District
Rm 12B, Block ?, Duhui 100 Building, Zhonghang Road, Futian District
Rm 1C016, Block A, Duhui 100 Building, Zhonghang Road, Futian District
Rm 20S, Block A, Duhui 100 Building, Zhonghang Road, Futian District
Rm 23B, Block B, Duhui 100 Building, Zhonghang Road, Futian District
Rm 25G, Block B, Duhui 100 Building, Zhonghang Road, Futian District
Rm 20C, Block A, Duhui 100 Building, Zhonghang Road, Futian District
Rm 20D, Block A, Duhui 100 Building, Zhonghang Road, Futian District
Rm 15A, Block A, Duhui 100 Building, Zhonghang Road, Futian District
Rm 4C083, Block B, Duhui 100 Building, Zhonghang Road, Futian District
Rm 22R, Block A, Duhui 100 Building, Zhonghang Road, Futian District
Rm 3B065, Block A, Duhui 100 Building, Zhonghang Road, Futian District
Rm 20H, Block B, Duhui 100 Building, Zhonghang Road, Futian District
Rm 29A, Block A, Duhui 100 Building, Zhonghang Road, Futian District
Rm 19G, Block A, Duhui 100 Building, Zhonghang Road, Futian District
Rm 152, Block A, Duhui 100 Building, Zhonghang Road, Futian District
Rm 15I, Block A, Duhui 100 Building, Zhonghang Road, Futian District
Rm 15Z, Block A, Duhui 100 Building, Zhonghang Road, Futian District
Rm 31L, Block B, Duhui 100 Building, Zhonghang Road, Futian District
Rm 26C, Block A, Duhui 100 Building, Zhonghang Road, Futian District
Rm 29C, Block A, Duhui 100 Building, Zhonghang Road, Futian District
Rm 24D, Block B, Duhui 100 Building, Zhonghang Road, Futian District
Rm 11J, Block A, Duhui 100 Building, Zhonghang Road, Futian District
Rm 12G, Block B, Duhui 100 Building, Zhonghang Road, Futian District
Rm 26B, Block A, Duhui 100 Building, Zhonghang Road, Futian District
Rm 26B, Block A, Duhui 100 Building, Zhonghang Road, Futian District
Rm 15J, Block A, Duhui 100 Building, Zhonghang Road, Futian District
Rm 6D, Block B, Duhui 100 Building, Zhonghang Road, Futian District
Rm 31J, Block A, Duhui 100 Building, Zhonghang Road, Futian District
Rm 7O, Block B, Duhui 100 Building, Zhonghang Road, Futian District
DUHU ELECTRONICS (possibly a reference to the Duhui 100 Building)
Rm 22O, Block A, Duhui 100 Building, Zhonghang Road, Futian District
Rm 94O, Block B, Duhui 100 Building, Zhonghang Road, Futian District
Rm ???, Block A, Duhui 100 Building, Zhonghang Road, Futian District
Rm 14G, Block A, Duhui 100 Building, Zhonghang Road, Futian District
Rm 11F, Block B, Duhui 100 Building, Zhonghang Road, Futian District
Rm 6E, Block A, Duhui 100 Building, Zhonghang Road, Futian District
Rm 20L, Block B, Duhui 100 Building, Zhonghang Road, Futian District
Rm 30D, Block A, Duhui 100 Building, Zhonghang Road, Futian District
Rm 11V, Block B, Duhui 100 Building, Zhonghang Road, Futian District
Rm 7A, Block A, Duhui 100 Building, Zhonghang Road, Futian District
Rm 24N, Block B, Duhui 100 Building, Zhonghang Road, Futian District
Rm 160, Block B, Duhui 100 Building, Zhonghang Road, Futian District
Rm 17L, Block B, Duhui 100 Building, Zhonghang Road, Futian District
Rm 160, Block B, Duhui 100 Building, Zhonghang Road, Futian District
Rm 160, Block B, Duhui 100 Building, Zhonghang Road, Futian District
Rm 9B, Block B, Duhui 100 Building, Zhonghang Road, Futian District
Rm 11F, Block A, Duhui 100 Building, Zhonghang Road, Futian District
Rm 16A, Block A, Duhui 100 Building, Zhonghang Road, Futian District
Rm 17M, Block B, Duhui 100 Building, Zhonghang Road, Futian District
Rm 28M, Block B, Duhui 100 Building, Zhonghang Road, Futian District
Rm 26S, Block B, Duhui 100 Building, Zhonghang Road, Futian District
Rm 24N, Block ?, Duhui 100 Building, Zhonghang Road, Futian District
Rm 151, Block A, Duhui 100 Building, Zhonghang Road, Futian District
Rm 15I, Block A, Duhui 100 Building, Zhonghang Road, Futian District
Rm 76, Duhui 100 Building Jindu, East Of Zhonghang Road, Futian District
Rm 2C045A, Block A, Duhui 100 Building, Zhonghang Road, Futian District
Rm 152, Block A, Duhui 100 Building, Zhonghang Road, Futian District
Rm 15I, Block A, Duhui 100 Building, Zhonghang Road, Futian District
Rm 15G, Block A, Duhui 100 Building, Zhonghang Road, Futian District
Rm 29B, Block A, Duhui 100 Building, Zhonghang Road, Futian District
Rm 29H, Block A, Duhui 100 Building, Zhonghang Road, Futian District
Rm 6A, Block A, Duhui 100 Building, Zhonghang Road, Futian District
Rm 15D, Block B, Duhui 100 Building, Zhonghang Road, Futian District
Rm 15J, Block A, Duhui 100 Building, Zhonghang Road, Futian District
Unit J, Block A, Duhui 100 Building, Zhonghang Road, Futian District
Rm 24I, Block A, Duhui 100 Building, Zhonghang Road, Futian District
Rm 26E, Block A, Duhui 100 Building, Zhonghang Road, Futian District
Rm ???, Block A, Duhui 100 Building, Zhonghang Road, Futian District
Rm 7J, Block A, Duhui 100 Building, Zhonghang Road, Futian District
Rm 24I, Block A, Duhui 100 Building, Zhonghang Road, Futian District
Rm 25J, Block A, Duhui 100 Building, Zhonghang Road, Futian District
Rm 24P, Block B, Duhui 100 Building, Zhonghang Road, Futian District
Rm 20?, Block B, Duhui 100 Building, Zhonghang Road, Futian District
Rm 20H, Block B, Duhui 100 Building, Zhonghang Road, Futian District
Rm 24I, Block A, Duhui 100 Building, Zhonghang Road, Futian District
Rm 14J, Block A, Duhui 100 Building, Zhonghang Road, Futian District
Rm 308, Block A, Duhui 100 Building, Zhonghang Road, Futian District
Rm ???, Block ?, Duhui 100 Building, Zhonghang Road, Futian District
Rm 24I, Block A, Duhui 100 Building, Zhonghang Road, Futian District
Rm 24I, Block A, Duhui 100 Building, Zhonghang Road, Futian District
Rm 6E-6F, Block A, Duhui 100 Building, Zhonghang Road, Futian District
Rm 9F, Block A, Duhui 100 Building, Zhonghang Road, Futian District
Rm 24D, Block A, Duhui 100 Building, Zhonghang Road, Futian District
Rm 10H, Block B, Duhui 100 Building, Zhonghang Road, Futian District
Rm 17G, Block ?, Duhui 100 Building, Zhonghang Road, Futian District
Rm 24I, Block A, Duhui 100 Building, Zhonghang Road, Futian District
Rm 1A102, Block A, Duhui 100 Building, Zhonghang Road, Futian District
Rm 14J, Block A, Duhui 100 Building, Zhonghang Road, Futian District
Rm 28H, Block A, Duhui 100 Building, Zhonghang Road, Futian District
Rm 19C, Block B, Duhui 100 Building, Zhonghang Road, Futian District
Rm 18O, Block B, Duhui 100 Building, Zhonghang Road, Futian District
Rm 26B, Block A, Duhui 100 Building, Zhonghang Road, Futian District
Rm 26B, Block A, Duhui 100 Building, Zhonghang Road, Futian District
Rm 2C005, Block A, Duhui 100 Building, Zhonghang Road, Futian District
Rm 30A, Block B, Duhui 100 Building, Zhonghang Road, Futian District
Rm 24?, Block ?, Duhui 100 Building, Zhonghang Road, Futian District
Rm 18G, Block B, Duhui 100 Building, Zhonghang Road, Futian District
Rm 28H, Block A, Duhui 100 Building, Zhonghang Road, Futian District
Rm 30B, Block A, Duhui 100 Building, Zhonghang Road, Futian District
Rm 14J, Block A, Duhui 100 Building, Zhonghang Road, Futian District
Rm 30B, Block A, Duhui 100 Building, Zhonghang Road, Futian District
Rm 30B, Block A, Duhui 100 Building, Zhonghang Road, Futian District
9/F, Block A, Duhui 100 Building, Zhonghang Road, Futian District
Rm 26B, Block A, Duhui 100 Building, Zhonghang Road, Futian District
Rm 26E-F, Block A, Duhui 100 Building, Zhonghang Road, Futian District
Rm 26E-F, Block A, Duhui 100 Building, Zhonghang Road, Futian District
Rm 15G, Block A, Duhui 100 Building, Zhonghang Road, Futian District
Rm 16I, Block A, Duhui 100 Building, Zhonghang Road, Futian District
Rm 27S, Block B, Duhui 100 Building, Zhonghang Road, Futian District
Rm 31F, Block B, Duhui 100 Building, Zhonghang Road, Futian District
Rm 18A, Block A, Duhui 100 Building, Zhonghang Road, Futian District
Rm 21B, Block A, Duhui 100 Building, Zhonghang Road, Futian District
Rm 24G, Block A, Duhui 100 Building, Zhonghang Road, Futian District
Rm 25A, Block A, Duhui 100 Building, Zhonghang Road, Futian District
Rm 6A, Block ?, Duhui 100 Building, Zhonghang Road, Futian District
Rm 22A-B, Block A, Duhui 100 Building, Zhonghang Road, Futian District
Rm 18J, Block A, Duhui 100 Building, Zhonghang Road, Futian District
Rm ???, Block ?, Duhui 100 Building, Zhonghang Road, Futian District
Rm 28D, Block A, Duhui 100 Building, Zhonghang Road, Futian District
Rm 12D, Block B, Duhui 100 Building, Zhonghang Road, Futian District
Rm 16G, Block ?, Duhui 100 Building, Zhonghang Road, Futian District
Rm 24A, Block A, Duhui 100 Building, Zhonghang Road, Futian District
Rm 24A, Block A, Duhui 100 Building, Zhonghang Road, Futian District
Rm 6A, Block A, Duhui 100 Building, Zhonghang Road, Futian District
Rm 25B, Block A, Duhui 100 Building, Zhonghang Road, Futian District
Rm 27J, Block A, Duhui 100 Building, Zhonghang Road, Futian District
Rm 27D, Block B, Duhui 100 Building, Zhonghang Road, Futian District
Rm 7B, Block A, Duhui 100 Building, Zhonghang Road, Futian District
Rm 11F, Block B, Duhui 100 Building, Zhonghang Road, Futian District
Rm 16S, Block B, Duhui 100 Building, Zhonghang Road, Futian District
Rm 17G, Block A, Duhui 100 Building, Zhonghang Road, Futian District
Rm 22X, Block B, Duhui 100 Building, Zhonghang Road, Futian District
Rm 6I, Block B, Duhui 100 Building, Zhonghang Road, Futian District
Rm 27P, Block B, Duhui 100 Building, Zhonghang Road, Futian District
Rm 27B, Block B, Duhui 100 Building, Zhonghang Road, Futian District
Rm 18G, Block A, Duhui 100 Building, Zhonghang Road, Futian District
Rm 18G, Block A, Duhui 100 Building, Zhonghang Road, Futian District
Rm 29H, Block A, Duhui 100 Building, Zhonghang Road, Futian District
Rm 14I, Block A, Duhui 100 Building, Zhonghang Road, Futian District
Rm 24I, Block A, Duhui 100 Building, Zhonghang Road, Futian District
Rm 10R, Block B, Duhui 100 Building, Zhonghang Road, Futian District
Rm 16J, Block A, Duhui 100 Building, Zhonghang Road, Futian District
Rm 24I, Block A, Duhui 100 Building, Zhonghang Road, Futian District
Rm 20C, Block A, Duhui 100 Building, Zhonghang Road, Futian District
Rm 22C, Block A, Duhui 100 Building, Zhonghang Road, Futian District
Rm 22P, Block B, Duhui 100 Building, Zhonghang Road, Futian District
Rm 7k, Block A, Duhui 100 Building, Zhonghang Road, Futian District
Rm 2C52A, Block A, Duhui 100 Building, Zhonghang Road, Futian District
Rm 21A, Block A, Duhui 100 Building, Zhonghang Road, Futian District
Rm 24G, Block A, Duhui 100 Building, Zhonghang Road, Futian District
Rm 7N, Block B, Duhui 100 Building, Zhonghang Road, Futian District
Rm 2001, Block B, Duhui 100 Building, Zhonghang Road, Futian District
Rm 17W, Block B, Duhui 100 Building, Zhonghang Road, Futian District
Rm 24G, Block A, Duhui 100 Building, Zhonghang Road, Futian District
Rm 7J, Block A, Duhui 100 Building, Zhonghang Road, Futian District
Rm 7J, Block A, Duhui 100 Building, Zhonghang Road, Futian District
Rm 25J, Block A, Duhui 100 Building, Zhonghang Road, Futian District
Rm 15I, Block A, Duhui 100 Building, Zhonghang Road, Futian District
Rm 19G, Block A, Duhui 100 Building, Zhonghang Road, Futian District
Rm 6A, Block A, Duhui 100 Building, Zhonghang Road, Futian District
Rm 15I, Block A, Duhui 100 Building, Zhonghang Road, Futian District
Rm 25G, Block A, Duhui 100 Building, Zhonghang Road, Futian District
Rm 29B, Block A, Duhui 100 Building, Zhonghang Road, Futian District
Rm 13J, Block A, Duhui 100 Building, Zhonghang Road, Futian District
Rm 3C052, Block A, Duhui 100 Building, Zhonghang Road, Futian District
Rm 18E, Block A, Duhui 100 Building, Zhonghang Road, Futian District
Rm 30G, Block A, Duhui 100 Building, Zhonghang Road, Futian District
Rm 17N, Block B, Duhui 100 Building, Zhonghang Road, Futian District
Rm 3C005, Block A, Duhui 100 Building, Zhonghang Road, Futian District
Rm 3C005, Block A, Duhui 100 Building, Zhonghang Road, Futian District
Rm 19I, Block B, Duhui 100 Building, Zhonghang Road, Futian District
Rm 24O, Block B, Duhui 100 Building, Zhonghang Road, Futian District
Rm 11F, Block B, Duhui 100 Building, Zhonghang Road, Futian District
Rm 2C45A, Block A, Duhui 100 Building, Zhonghang Road, Futian District
7/F, Block ?, Duhui 100 Building, Zhonghang Road, Futian District
Rm 29B, Block A, Duhui 100 Building, Zhonghang Road, Futian District
Rm 10A, Block B, Duhui 100 Building, Zhonghang Road, Futian District
Rm 28P, Block B, Duhui 100 Building, Zhonghang Road, Futian District
Rm 161, Block A, Duhui 100 Building, Zhonghang Road, Futian District
Rm 161, Block A, Duhui 100 Building, Zhonghang Road, Futian District
Rm 29A, Block A, Duhui 100 Building, Zhonghang Road, Futian District
Rm 15Q, Block B, Duhui 100 Building, Zhonghang Road, Futian District
Rm 12B, Block B, Duhui 100 Building, Zhonghang Road, Futian District
Rm 26D, Block A, Duhui 100 Building, Zhonghang Road, Futian District
Rm ???, Block ?, Duhui 100 Building, Zhonghang Road, Futian District
Rm 21F, Block B, Duhui 100 Building, Zhonghang Road, Futian District
Rm 12J, Block A, Duhui 100 Building, Zhonghang Road, Futian District
Rm 26B, Block A, Duhui 100 Building, Zhonghang Road, Futian District
Rm 8J, Block A, Duhui 100 Building, Zhonghang Road, Futian District
Rm 14J, Block A, Duhui 100 Building, Zhonghang Road, Futian District
Rm 30B, Block A, Duhui 100 Building, Zhonghang Road, Futian District
Rm 30B, Block A, Duhui 100 Building, Zhonghang Road, Futian District
Rm ???, Block A, Duhui 100 Building, Zhonghang Road, Futian District
Rm ???, Block B, Duhui 100 Building, Zhonghang Road, Futian District
Rm 15I, Block B, Duhui 100 Building, Zhonghang Road, Futian District
Rm 2531, Block ?, Duhui 100 Building, Zhonghang Road, Futian District
Rm 31L, Block B, Duhui 100 Building, Zhonghang Road, Futian District
Rm 10H, Block B, Duhui 100 Building, Zhonghang Road, Futian District
Rm 26I, Block B, Duhui 100 Building, Zhonghang Road, Futian District
Rm 2C024, Block B, Duhui 100 Building, Zhonghang Road, Futian District
Rm 6A, Block A, Duhui 100 Building, Zhonghang Road, Futian District
Rm 28D, Block B, Duhui 100 Building, Zhonghang Road, Futian District
Rm 26B, Block A, Duhui 100 Building, Zhonghang Road, Futian District
Rm 26E, Block A, Duhui 100 Building, Zhonghang Road, Futian District
Rm 26E, Block A, Duhui 100 Building, Zhonghang Road, Futian District
Rm 26E, Block A, Duhui 100 Building, Zhonghang Road, Futian District
Rm 26E, Block A, Duhui 100 Building, Zhonghang Road, Futian District
Rm 26E, Block A, Duhui 100 Building, Zhonghang Road, Futian District
Rm 26E-F, Block A, Duhui 100 Building, Zhonghang Road, Futian District
Rm 26E-F, Block A, Duhui 100 Building, Zhonghang Road, Futian District
Rm 25B, Block A, Duhui 100 Building, Zhonghang Road, Futian District
Rm 2C024, Block A, Duhui 100 Building, Zhonghang Road, Futian District
Rm 6A, Block A, Duhui 100 Building, Zhonghang Road, Futian District
Rm 11W, Block B, Duhui 100 Building, Zhonghang Road, Futian District
Rm 1A062, Block A, Duhui 100 Building, Zhonghang Road, Futian District
Rm 12G, Block B, Duhui 100 Building, Zhonghang Road, Futian District
Rm 1B094, Block A, Duhui 100 Building, Zhonghang Road, Futian District
Rm 1708A, Jiahe Huaqiang Building, 3006 Shennan Middle Road & Zhong Hang Road, Futian District
Rm 902A, Jiahe Huaqiang Building, 3006 Shennan Middle Road & Zhong Hang Road, Futian District
Rm 2003A, Jiahe Huaqiang Building, 3006 Shennan Middle Road & Zhong Hang Road, Futian District
Rm 1708A, Jiahe Huaqiang Building, 3006 Shennan Middle Road & Zhong Hang Road, Futian District
Rm 2001A, Jiahe Huaqiang Building, 3006 Shennan Middle Road & Zhong Hang Road, Futian District
Rm 2005-7A, Jiahe Huaqiang Building, 3006 Shennan Middle Road & Zhong Hang Road, Futian District
Rm 1708A, Jiahe Huaqiang Building, 3006 Shennan Middle Road & Zhong Hang Road, Futian District
Rm 1006?, Jiahe Huaqiang Building, 3006 Shennan Middle Road & Zhong Hang Road,Futian District
Rm 1603A, Jiahe Huaqiang Building, 3006 Shennan Middle Road & Zhong Hang Road, Futian District
Rm 1802A, Jiahe Huaqiang Building, 3006 Shennan Middle Road & Zhong Hang Road, Futian District
Rm 1303A, Jiahe Huaqiang Building, 3006 Shennan Middle Road & Zhong Hang Road, Futian District
Rm 2010A, Jiahe Huaqiang Building, 3006 Shennan Middle Road & Zhong Hang Road, Futian District
Rm 906A, Jiahe Huaqiang Building, 3006 Shennan Middle Road & Zhong Hang Road, Futian District
Rm 1608B, Jiahe Huaqiang Building, 3006 Shennan Middle Road & Zhong Hang Road, Futian District
Rm 1810-1811B, Jiahe Huaqiang Building, 3006 Shennan Middle Road & Zhong Hang Road, Futian District
Rm 1811B, Jiahe Huaqiang Building, 3006 Shennan Middle Road & Zhong Hang Road, Futian District
Rm 17D, Jiahe Huaqiang Building, 3006 Shennan Middle Road & Zhong Hang Road, Futian District
Rm 1210-1211B, Jiahe Huaqiang Building, 3006 Shennan Middle Road & Zhong Hang Road, Futian District
Rm 902A, Jiahe Huaqiang Building, 3006 Shennan Middle Road & Zhong Hang Road, Futian District
Rm 2210B, Jiahe Huaqiang Building, 3006 Shennan Middle Road & Zhong Hang Road, Futian District
Rm 907B, Jiahe Huaqiang Building, 3006 Shennan Middle Road & Zhong Hang Road, Futian District
Rm 2210B, Jiahe Huaqiang Building, 3006 Shennan Middle Road & Zhong Hang Road, Futian District
Rm 1208A, Jiahe Huaqiang Building, 3006 Shennan Middle Road & Zhong Hang Road, Futian District
Rm 1409A, Jiahe Huaqiang Building, 3006 Shennan Middle Road & Zhong Hang Road, Futian District
Rm 906-909A, Jiahe Huaqiang Building, 3006 Shennan Middle Road & Zhong Hang Road, Futian District
Rm 907A, Jiahe Huaqiang Building, 3006 Shennan Middle Road & Zhong Hang Road, Futian District
Rm 2603B, Jiahe Huaqiang Building, 3006 Shennan Middle Road & Zhong Hang Road, Futian District
Rm 1911A, Jiahe Huaqiang Building, 3006 Shennan Middle Road & Zhong Hang Road, Futian District
Rm 2002A, Jiahe Huaqiang Building, 3006 Shennan Middle Road & Zhong Hang Road, Futian District
Rm 2303B, Jiahe Huaqiang Building, 3006 Shennan Middle Road & Zhong Hang Road, Futian District
Rm 2010A, Jiahe Huaqiang Building, 3006 Shennan Middle Road & Zhong Hang Road, Futian District
Rm 2210B, Jiahe Huaqiang Building, 3006 Shennan Middle Road & Zhong Hang Road, Futian District
Rm 2101A, Jiahe Huaqiang Building, 3006 Shennan Middle Road & Zhong Hang Road, Futian District
Rm 1906?, Jiahe Huaqiang Building, 3006 Shennan Middle Road & Zhong Hang Road, Futian District
Rm 2105, Jiahe Huaqiang Building, 3006 Shennan Middle Road & Zhong Hang Road, Futian District
Rm 3001B, Jiahe Huaqiang Building, 3006 Shennan Middle Road & Zhong Hang Road, Futian District
Rm 1408?, Jiahe Huaqiang Building, 3006 Shennan Middle Road & Zhong Hang Road, Futian District
Rm 1301B, Jiahe Huaqiang Building, 3006 Shennan Middle Road & Zhong Hang Road, Futian District
Rm 1810-1811B, Jiahe Huaqiang Building, 3006 Shennan Middle Road & Zhong Hang Road, Futian District
Rm 1609B, Jiahe Huaqiang Building, 3006 Shennan Middle Road & Zhong Hang Road, Futian District
Rm 3005B, Jiahe Huaqiang Building, 3006 Shennan Middle Road & Zhong Hang Road, Futian District
Rm 1208A, Jiahe Huaqiang Building, 3006 Shennan Middle Road & Zhong Hang Road, Futian District
Rm 1609B, Jiahe Huaqiang Building, 3006 Shennan Middle Road & Zhong Hang Road, Futian District
Rm 1302B, Jiahe Huaqiang Building, 3006 Shennan Middle Road & Zhong Hang Road, Futian District
Rm ????? Jiahe Huaqiang Building, 3006 Shennan Middle Road & Zhong Hang Road, Futian District
Rm 3001B, Jiahe Huaqiang Building, 3006 Shennan Middle Road & Zhong Hang Road, Futian District
Rm 1811B, Jiahe Huaqiang Building, 3006 Shennan Middle Road & Zhong Hang Road, Futian District
Rm 1608-1609B, Jiahe Huaqiang Building, 3006 Shennan Middle Road & Zhong Hang Road, Futian District
Rm 1811B, Jiahe Huaqiang Building, 3006 Shennan Middle Road & Zhong Hang Road, Futian District
Rm 3006?, Jiahe Huaqiang Building, 3006 Shennan Middle Road & Zhong Hang Road, Futian District
Rm 59, Jiahe Huaqiang Building, 3006 Shennan Middle Road & Zhong Hang Road, Futian District
Rm 1306-1307A, Jiahe Huaqiang Building, 3006 Shennan Middle Road & Zhong Hang Road, Futian District
Rm 1009A, Jiahe Huaqiang Building, 3006 Shennan Middle Road & Zhong Hang Road, Futian District
Rm 2010A, Jiahe Huaqiang Building, 3006 Shennan Middle Road & Zhong Hang Road, Futian District
Rm 1305B, Jiahe Huaqiang Building, 3006 Shennan Middle Road & Zhong Hang Road, Futian District
Rm 1109B, Jiahe Huaqiang Building, 3006 Shennan Middle Road & Zhong Hang Road, Futian District
Rm 1303A, Jiahe Huaqiang Building, 3006 Shennan Middle Road & Zhong Hang Road, Futian District
Rm 1802A, Jiahe Huaqiang Building, 3006 Shennan Middle Road & Zhong Hang Road, Futian District
Rm 980A, Jiahe Huaqiang Building, 3006 Shennan Middle Road & Zhong Hang Road, Futian District
Rm 1409?, Jiahe Huaqiang Building, 3006 Shennan Middle Road & Zhong Hang Road, Futian District
Rm 1911B, Jiahe Huaqiang Building, 3006 Shennan Middle Road & Zhong Hang Road, Futian District
Rm 3001B, Jiahe Huaqiang Building, 3006 Shennan Middle Road & Zhong Hang Road, Futian District
Rm 1307B, Jiahe Huaqiang Building, 3006 Shennan Middle Road & Zhong Hang Road, Futian District
Rm 1302B, Jiahe Huaqiang Building, 3006 Shennan Middle Road & Zhong Hang Road, Futian District
Rm 1409A, Jiahe Huaqiang Building, 3006 Shennan Middle Road & Zhong Hang Road, Futian District
Rm 2007?, Jiahe Huaqiang Building, 3006 Shennan Middle Road & Zhong Hang Road, Futian District
Rm 1905-1907A, Jiahe Huaqiang Builiding, 3006 Shennan Middle Road & Zhong Hang Road, Futian District
Rm 1907A, Jiahe Huaqiang Building, 3006 Shennan Middle Road & Zhong Hang Road, Futian District
Whsey Hase Dynamic World Building 37
Rm 1901, Dynamic World Building, Zhenzhong Road, Futian District
Rm 2803, Dynamic World Building, Zhenzhong Road, Futian District
Rm 1203, Dynamic World Building, Zhenzhong Road, Futian District
Rm 2106, Dynamic World Building, Zhenzhong Road, Futian District
Rm 2107, Dynamic World Building, Zhenzhong Road, Futian District
Rm 2313, Dynamic World Building, Zhenzhong Road, Futian District
Rm 1522, Dynamic World Building, Zhenzhong Road, Futian District
Rm 1203, Dynamic World Building, Zhenzhong Road, Futian District
Rm 1005, Dynamic World Building, Zhenzhong Road, Futian District
Rm 2803, Dynamic World Building, Zhenzhong Road, Futian District
Rm 1419, Dynamic World Building, Zhenzhong Road, Futian District
Rm 2305 Dynamic World Building, Zhenzhong Road, Futian District
Rm ????, Dynamic World Building, Zhenzhong Road, Futian District
Rm 1522, Dynamic World Building, Zhenzhong Road, Futian District
Rm 1222, Dynamic World Building, Zhenzhong Road, Futian District
Rm 619, Dynamic World Building, Zhenzhong Road, Futian District
Rm 2221, Dynamic World Building, Zhenzhong Road, Futian District
Rm 1214, Dynamic World Building, Zhenzhong Road, Futian District
Rm 1402, Dynamic World Building, Zhenzhong Road, Futian District
Rm 1402, Dynamic World Building, Zhenzhong Road, Futian District
Rm 1402, Dynamic World Building, Zhenzhong Road, Futian District
Rm 2017, Dynamic World Building, Zhenzhong Road, Futian District
Rm 2016-2017, Dynamic World Building, Zhenzhong Road, Futian District
Rm 1607, Dynamic World Building, Zhenzhong Road, Futian District
Rm 1607, Dynamic World Building, Zhenzhong Road, Futian District
Rm 1015, Dynamic World Building, Zhenzhong Road, Futian District
Rm 33??, Dynamic World Building, Zhenzhong Road, Futian District
Rm 1416-1417, Dynamic World Building, Zhenzhong Road, Futian District
Rm 1901, Dynamic World Building, Zhenzhong Road, Futian District
Rm 1519, Dynamic World Building, Zhenzhong Road, Futian District
Rm 2607, Dynamic World Building, Zhenzhong Road, Futian District
Rm 2309 Dynamic World Building, Zhenzhong Road, Futian District
Rm 2106, Dynamic World Building, Zhenzhong Road, Futian District
Rm 2106-2107, Dynamic World Building, Zhenzhong Road, Futian District
Rm 2107, Dynamic World Building, Zhenzhong Road, Futian District
Rm 2313, Dynamic World Building, Zhenzhong Road, Futian District
Rm 805, Dynamic World Building, Zhenzhong Road, Futian District
Rm 1621, Dynamic World Building, Zhenzhong Road, Futian District
Rm 2106, Dynamic World Building, Zhenzhong Road, Futian District
Rm 2313, Dynamic World Building, Zhenzhong Road, Futian District
Rm 1911, Dynamic World Building, Zhenzhong Road, Futian District
Rm 3007, Dynamic World Building, Zhenzhong Road, Futian District
Rm 1003, Dynamic World Building, Zhenzhong Road, Futian District
Rm 1402, Dynamic World Building, Zhenzhong Road, Futian District
Rm 1622, Dynamic World Building, Zhenzhong Road, Futian District
Rm 1618, Dynamic World Building, Zhenzhong Road, Futian District
Rm 1618-1619, Dynamic World Building, Zhenzhong Road, Futian District
Rm 1906, Dynamic World Building, Zhenzhong Road, Futian District
Rm 1906-1908, Dynamic World Building, Zhenzhong Road, Futian District
Rm 2207, Dynamic World Building, Zhenzhong Road, Futian District
Rm ???? Dynamic World Building, Zhenzhong Road, Futian District
Rm 2803, Dynamic World Building, Zhenzhong Road, Futian District
Rm 2221, Dynamic World Building, Zhenzhong Road, Futian District
Rm 1014, Dynamic World Building, Zhenzhong Road, Futian District
Rm 1519, Dynamic World Building, Zhenzhong Road, Futian District
Rm 2209, Dynamic World Building, Zhenzhong Road, Futian District
Rm 1910, Dynamic World Building, Zhenzhong Road, Futian District
Rm 2803, Dynamic World Building, Zhenzhong Road, Futian District
Rm 2803, Dynamic World Building, Zhenzhong Road, Futian District
Rm 1708, Dynamic World Building, Zhenzhong Road, Futian District
Rm 1708-1710, Dynamic World Building, Zhenzhong Road, Futian District
Rm 2103-2104, Dynamic World Building, Zhenzhong Road, Futian District
Rm 2809, Dynamic World Building, Zhenzhong Road, Futian District
Rm 25E, Block A, Huaqiang Garden, Fuhong Road, Futian District
Rm 8A, Block A, Huaqiang Garden, Fuhong Road, Futian District
Rm 22C, Block A, Huaqiang Garden, Fuhong Road, Futian District
Rm 22C, Block A, Huaqiang Garden, Fuhong Road, Futian District
Rm ??, Block C, Huaqiang Garden, Fuhong Road, Futian District
Rm 3302, Block D, Huaqiang Garden, Fuhong Road, Futian District
Rm 2403, Block D, Huaqiang Garden, Fuhong Road, Futian District
Rm 1104, Block D, Huaqiang Garden, Fuhong Road, Futian District
Rm 1606, Block D, Huaqiang Garden, Fuhong Road, Futian District
Rm 5E, Block B, Huaqiang Garden, Fuhong Road, Futian District
Rm 13E, Block C, Huaqiang Garden, Fuhong Road, Futian District
15/F, Block A, Huaqiang Garden, Fuhong Road, Futian District
22F, Block A, Huaqiang Garden, Fuhong Road, Futian District
Rm 14B, Block A, Huaqiang Garden, Fuhong Road, Futian District
Rm 2704, Block D, Huaqiang Garden, Fuhong Road, Futian District
Rm 1907, Block D, Huaqiang Garden, Fuhong Road, Futian District
Rm 2204, Block D, Huaqiang Garden, Fuhong Road, Futian District
Rm 25D, Block C, Huaqiang Garden, Fuhong Road, Futian District
Rm 8K, Block B, Huaqiang Garden, Fuhong Road, Futian District
Rm 1904, Block D, Huaqiang Garden, Fuhong Road, Futian District
Rm 904, Block D, Huaqiang Garden, Fuhong Road, Futian District
Rm 25D, Block C, Huaqiang Garden, Fuhong Road, Futian District
Rm 110, Block B, Huaqiang Garden, Fuhong Road, Futian District
Rm 26A, Block B, Huaqiang Garden, Fuhong Road, Futian District
Rm 27E, Block C, Huaqiang Garden, Fuhong Road, Futian District
F/904, Huaqiang Garden, Fuhong Road, Futian District
Rm 22C, Block A, Huaqiang Garden, Fuhong Road, Futian District
Rm 11B, Block B, Huaqiang Garden, Fuhong Road, Futian District
Rm 22C, Block A, Huaqiang Garden, Fuhong Road, Futian District
Rm 22C, Block A, Huaqiang Garden, Fuhong Road, Futian District
Rm 9E, Block A, Huaqiang Garden, Fuhong Road, Futian District
Rm 22B, Block A, Huaqiang Garden, Fuhong Road, Futian District
Rm 28A, Block A, Huaqiang Garden, Fuhong Road, Futian District
Rm 8A, Block A, Huaqiang Garden, Fuhong Road, Futian District
19/F, Block C, Huaqiang Garden, Fuhong Road, Futian District
Rm 8A, Block A, Huaqiang Garden, Fuhong Road, Futian District
Rm 10B, Block C, Huaqiang Garden, Fuhong Road, Futian District
Rm 12B, Block C, Huaqiang Garden, Fuhong Road, Futian District
Rm 12D, Block B, Huaqiang Garden, Fuhong Road, Futian District
Rm 17A, Block C, Huaqiang Garden, Fuhong Road, Futian District
Rm 1602, Block D, Huaqiang Garden, Fuhong Road, Futian District
Rm 1907, Block D, Huaqiang Garden, Fuhong Road, Futian District
Rm 304, Block 23, Huaqiang Garden, Fuhong Road, Futian District
Rm 5B, Block C, Huaqiang Garden, Fuhong Road, Futian District
Rm 13A, Block C, Huaqiang Garden, Fuhong Road, Futian District
Rm 16A, Block A, Huaqiang Garden, Fuhong Road, Futian District
Rm 3104, Block D, Huaqiang Garden, Fuhong Road, Futian District
Rm 26D, Block A, Huaqiang Garden, Fuhong Road, Futian District
Rm 16A, Block A, Huaqiang Garden, Fuhong Road, Futian District
22F, Block A, Huaqiang Garden, Fuhong Road, Futian District
Rm 2107, Block D, Huaqiang Garden, Fuhong Road, Futian District
Rm 15A, Block B, Huaqiang Garden, Fuhong Road, Futian District
Rm 9B, Block B, Huaqiang Garden, Fuhong Road, Futian District
Rm 1406, Block D, Huaqiang Garden, Fuhong Road, Futian District
Rm 17F, Block A, Huaqiang Garden, Fuhong Road, Futian District
Rm 608, Block ?, Huaqiang Garden, Fuhong Road, Futian District
Rm 18B, Block 3, Huaqiang Garden, Fuhong Road, Futian District
N2A069, Huaqiang Garden, Fuhong Road, Futian District
Rm 26J, Block D, Huaqiang Garden, Fuhong Road, Futian District
Rm 15D, Block C, Huaqiang Garden, Fuhong Road, Futian District
Rm 15D, Block C, Huaqiang Garden, Fuhong Road, Futian District
Rm 1405, Block C, Huaqiang Garden, Fuhong Road, Futian District
Rm 1405, Block D, Huaqiang Garden, Fuhong Road, Futian District
Rm 1405, Block D, Huaqiang Garden, Fuhong Road, Futian District
Rm 2807, Block D, Huaqiang Garden, Fuhong Road, Futian District
Rm 22C, Block A, Huaqiang Garden, Fuhong Road, Futian District
Rm 2205, GuoLi Building, HuaQiang North Road, FuTian District
Rm 2437, GuoLi Building, HuaQiang North Road, FuTian District
Rm 1511, GuoLi Building, HuaQiang North Road, FuTian District
Rm 2820, GuoLi Building, HuaQiang North Road, FuTian District
Rm 1118, GuoLi Building, HuaQiang North Road, FuTian District
Rm 2001, GuoLi Building, HuaQiang North Road, FuTian District
Rm 1112, GuoLi Building, HuaQiang North Road, FuTian District
Rm 2331, GuoLi Building, HuaQiang North Road, FuTian District
Rm 1301, GuoLi Building, HuaQiang North Road, FuTian District
Rm 740, GuoLi Building, HuaQiang North Road, FuTian District
Rm 2907, GuoLi Building, HuaQiang North Road, FuTian District
Rm 1538, GuoLi Building, HuaQiang North Road, FuTian District
Rm 2322, GuoLi Building, HuaQiang North Road, FuTian District
Rm 623, GuoLi Building, HuaQiang North Road, FuTian District
Rm 2912-2915, GuoLi Building, HuaQiang North Road, FuTian District
Rm 2915, GuoLi Building, HuaQiang North Road, FuTian District
Rm 2912, GuoLi Building, HuaQiang North Road, FuTian District
Rm 2912-2915, GuoLi Building, HuaQiang North Road, FuTian District
Rm ????, GuoLi Building, HuaQiang North Road, FuTian District
Rm 1301, GuoLi Building, HuaQiang North Road, FuTian District
Rm 2321, GuoLi Building, HuaQiang North Road, FuTian District
Rm 1930, GuoLi Building, HuaQiang North Road, FuTian District
Rm 1005, GuoLi Building, HuaQiang North Road, FuTian District
Rm 2136-2137, GuoLi Building, HuaQiang North Road, FuTian District
Rm 1015, GuoLi Building, HuaQiang North Road, FuTian District
Rm 23??, GuoLi Building, HuaQiang North Road, FuTian District
Rm 2338, GuoLi Building, HuaQiang North Road, FuTian District
Rm 1205, GuoLi Building, HuaQiang North Road, FuTian District
Rm 2912-2915, GuoLi Building, HuaQiang North Road, FuTian District
Rm 2039, GuoLi Building, HuaQiang North Road, FuTian District
Rm 2006, GuoLi Building, HuaQiang North Road, FuTian District
Rm 1442, GuoLi Building, HuaQiang North Road, FuTian District
Rm 12A, Jinghai Garden, 29 Fuhua Road, Futian District
Rm 27F, Jinghai Garden, 29 Fuhua Road, Futian District
Rm 30A, Jinghai Garden, 29 Fuhua Road, Futian District
Rm 31E, Jinghai Garden, 29 Fuhua Road, Futian District
Rm 31E, Jinghai Garden, 29 Fuhua Road, Futian District
Rm 24J, Jinghai Garden, 29 Fuhua Road, Futian District
Rm 24C, Jinghai Garden, 29 Fuhua Road, Futian District
Rm 221-222, Jinghai Garden, 29 Fuhua Road, Futian District
Rm 14G, Jinghai Garden, 29 Fuhua Road, Futian District
Rm 21B, Jinghai Garden, 29 Fuhua Road, Futian District
Rm 7D, Jinghai Garden, 29 Fuhua Road, Futian District
Rm 30A, Jinghai Garden, 29 Fuhua Road, Futian District
??? Jinghai Garden, 29 Fuhua Road, Futian District
Rm 7B, Jinghai Garden, 29 Fuhua Road, Futian District
Rm 7D, Jinghai Garden, 29 Fuhua Road, Futian District
Rm 30A, Jinghai Garden, 29 Fuhua Road, Futian District
Rm 26C, Jinghai Garden, 29 Fuhua Road, Futian District
Rm 14G, Jinghai Garden, 29 Fuhua Road, Futian District
Rm 221-222, Jinghai Garden, 29 Fuhua Road, Futian District
Rm 29?, Jinghai Garden, 29 Fuhua Road, Futian District
Rm 7D, Jinghai Garden, 29 Fuhua Road, Futian District
Rm 7D, Jinghai Garden, 29 Fuhua Road, Futian District
Rm 24J, Jinghai Garden, 29 Fuhua Road, Futian District
Rm 24B, Jinghai Garden, 29 Fuhua Road, Futian District
Rm 18A, Jinghai Garden, 29 Fuhua Road, Futian District
Rm 24C, Jinghai Garden, 29 Fuhua Road, Futian District
Rm 1501, Hongtu Building, Fuqing Street & Fuhua Road, Futian District
Rm 804, Hongtu Building, Fuqing Street & Fuhua Road, Futian District
Rm 2003, Hongtu Building, Fuqing Street & Fuhua Road, Futian District
Rm 501, Hongtu Building, Fuqing Street & Fuhua Road, Futian District
4/F, Hongtu Building, Fuqing Street & Fuhua Road, Futian District
Rm 1303, Hongtu Building, Fuqing Street & Fuhua Road, Futian District
Rm 1202, Hongtu Building, Fuqing Street & Fuhua Road, Futian District
Rm 501, Hongtu Building, Fuqing Street & Fuhua Road, Futian District
Rm 2103, Block A World Trade Plaza, 9 Fuhong Road, Futian District
Rm 704, Block C World Trade Plaza, 9 Fuhong Road, Futian District
Rm 2205, Block C World Trade Plaza, 9 Fuhong Road, Futian District
Rm 1701, Block A World Trade Plaza, 9 Fuhong Road, Futian District
Rm 1804, Block A World Trade Plaza, 9 Fuhong Road, Futian District
Rm 3004, Block A World Trade Plaza, 9 Fuhong Road, Futian District
Rm 20??, Block B World Trade Plaza, 9 Fuhong Road, Futian District
Rm 22B2, Block B World Trade Plaza, 9 Fuhong Road, Futian District
Rm 2308, Block A World Trade Plaza, 9 Fuhong Road, Futian District
Rm 2508, Block A World Trade Plaza, 9 Fuhong Road, Futian District
Rm 3002-3, Block A, World Trade Plaza, 9 Fuhong Road, Futian District
Rm 2021, Block B World Trade Plaza, 9 Fuhong Road, Futian District
Rm 2012-2013, Block B World Trade Plaza, 9 Fuhong Road, Futian District
Rm 20??, Block B World Trade Plaza, 9 Fuhong Road, Futian District
Rm 20??, Block B World Trade Plaza, 9 Fuhong Road, Futian District
2A113, Block 3, Huaqiang Electronics World, Huaqiang North Road, Futian District
10C023, Huaqiang Electronics World, Huaqiang North Road, Futian District
2101J, Block 3, Huaqiang Electronics World, Huaqiang North Road, Futian District
2101J, Huaqiang Electronics World, Huaqiang North Road, Futian District
6D176, Block 1, Huaqiang Electronics World, Huaqiang North Road, Futian District
6D176, Block 1, Huaqiang Electronics World, Huaqiang North Road, Futian District
10C023, Huaqiang Electronics World, Huaqiang North Road, Futian District
2A636, 2/F, Huaqiang Electronics World, Huaqiang North Road, Futian District
2A636, Block 3, Huaqiang Electronics World, Huaqiang North Road, Futian District
1045, Block 3, Huaqiang Electronics World, Huaqiang North Road, Futian District
20046, Block 3, Huaqiang Electronics World, Huaqiang North Road, Futian District
2A636, 2/F, Huaqiang Electronics World, Huaqiang North Road, Futian District
2A636, 2/F, Huaqiang Electronics World, Huaqiang North Road, Futian District
2A323, Block 2, Huaqiang Electronics World, Huaqiang North Road, Futian District
3A182, Huaqiang Electronics World, Huaqiang North Road, Futian District
A333, Huaqiang Electronics World, Huaqiang North Road, Futian District
2A024, Block 3, Huaqiang Electronics World, Huaqiang North Road, Futian District
21C129, Block 2, Huaqiang Electronics World, Huaqiang North Road, Futian District
2C012, Block 3, Huaqiang Electronics World, Huaqiang North Road, Futian District
C0271F, Huaqiang Electronics World, Huaqiang North Road, Futian District
2C012, Block 3, Huaqiang Electronics World, Huaqiang North Road, Futian District
Rm 0808, 8/F, Ho King Commercial Centre  2-16 Fa Yuen St
Rm 2309, 23/F, Ho King Commercial Centre  2-16 Fa Yuen St
Rm 2309, 23/F, Ho King Commercial Centre  2-16 Fa Yuen St
Rm 2309, 23/F, Ho King Commercial Centre  2-16 Fa Yuen St
Rm 2309, 23/F, Ho King Commercial Centre  2-16 Fa Yuen St
Rm 2309, 23/F, Ho King Commercial Centre  2-16 Fa Yuen St
Rm 2309, 23/F, Ho King Commercial Centre  2-16 Fa Yuen St
Rm 2309, 23/F, Ho King Commercial Centre  2-16 Fa Yuen St
Rm 1010, NanGuang Jie Jia Building, 3037 Shennan Middle Road, Futian District
Rm 1319, NanGuang Jie Jia Building, 3037 Shennan Middle Road, Futian District
Rm 1519, NanGuang Jie Jia Building, 3037 Shennan Middle Road, Futian District
Rm 1523, NanGuang Jie Jia Building, 3037 Shennan Middle Road, Futian District
Rm 2126, NanGuang Jie Jia Building, 3037 Shennan Middle Road, Futian District
Rm 2126, NanGuang Jie Jia Building, 3037 Shennan Middle Road, Futian District
Rm 2214, NanGuang Jie Jia Building, 3037 Shennan Middle Road, Futian District
Rm 2217, NanGuang Jie Jia Building, 3037 Shennan Middle Road, Futian District
Rm 2313, NanGuang Jie Jia Building, 3037 Shennan Middle Road, Futian District
Rm 2924, NanGuang Jie Jia Building, 3037 Shennan Middle Road, Futian District
Rm 3302, NanGuang Jie Jia Building, 3037 Shennan Middle Road, Futian District
Rm 602, NanGuang Jie Jia Building, 3037 Shennan Middle Road, Futian District
Rm 725, NanGuang Jie Jia Building, 3037 Shennan Middle Road, Futian District
19, 2/F, Blk B, Sheung Shui Plaza, 3 Ka Fu Close, Sheung Shui, N.T.
19, 2/F, Blk B, Sheung Shui Plaza, 3 Ka Fu Close, Sheung Shui, N.T.
22, 2/F, Blk B, Sheung Shui Plaza, 3 Ka Fu Close, Sheung Shui, N.T.
19, 2/F, Blk B, Sheung Shui Plaza, 3 Ka Fu Close, Sheung Shui, N.T.
19, 2/F, Blk B, Sheung Shui Plaza, 3 Ka Fu Close, Sheung Shui, N.T.
22, 2/F, Blk B, Sheung Shui Plaza, 3 Ka Fu Close, Sheung Shui, N.T.
19, 2/F, Blk B, Sheung Shui Plaza, 3 Ka Fu Close, Sheung Shui, N.T.
??, ?/F, Blk ?, Sheung Shui Plaza, 3 Ka Fu Close, Sheung Shui, N.T.
22, 2/F, Blk B, Sheung Shui Plaza, 3 Ka Fu Close, Sheung Shui, N.T.
19, 2/F, Blk B, Sheung Shui Plaza, 3 Ka Fu Close, Sheung Shui, N.T.
19, 2/F, Blk B, Sheung Shui Plaza, 3 Ka Fu Close, Sheung Shui, N.T.
22, 2/F, Blk B, Sheung Shui Plaza, 3 Ka Fu Close, Sheung Shui, N.T.
202, 2/F, Blk A, Sheung Shui Plaza, 3 Ka Fu Close, Sheung Shui, N.T.
19, 2/F, Blk B, Sheung Shui Plaza, 3 Ka Fu Close, Sheung Shui, N.T.
19, 2/F, Blk B, Sheung Shui Plaza, 3 Ka Fu Close, Sheung Shui, N.T.
19, 2/F, Blk B, Sheung Shui Plaza, 3 Ka Fu Close, Sheung Shui, N.T.
22, 2/F, Blk B, Sheung Shui Plaza, 3 Ka Fu Close, Sheung Shui, N.T.
19, 2/F, Blk B, Sheung Shui Plaza, 3 Ka Fu Close, Sheung Shui, N.T.
22, 2/F, Blk B, Sheung Shui Plaza, 3 Ka Fu Close, Sheung Shui, N.T.
19, 2/F, Blk B, Sheung Shui Plaza, 3 Ka Fu Close, Sheung Shui, N.T.
19, 2/F, Blk B, Sheung Shui Plaza, 3 Ka Fu Close, Sheung Shui, N.T.
19, 2/F, Blk B, Sheung Shui Plaza, 3 Ka Fu Close, Sheung Shui, N.T.
22, 2/F, Blk B, Sheung Shui Plaza, 3 Ka Fu Close, Sheung Shui, N.T.
19, 2/F, Blk B, Sheung Shui Plaza, 3 Ka Fu Close, Sheung Shui, N.T.
22, 2/F, Blk B, Sheung Shui Plaza, 3 Ka Fu Close, Sheung Shui, N.T.
Rm 17C, Guangye Building, Fuhua Road, Futian District
Rm ???, Guangye Building, Fuhua Road, Futian District
Rm ???, Guangye Building, Fuhua Road, Futian District
Rm 14B, Block N, North Guangye Building, Fuhua Road, Futian District
Rm 23A, Guangye Building, Fuhua Road, Futian District
Rm 9F, Guangye Building, Fuhua Road, Futian District
Rm 19B, North Guangye Building, Fuhua Road, Futian District
Rm ???, Guangye Building, Fuhua Road, Futian District
Rm 162, Guangye Building, Fuhua Road, Futian District
Rm ???, Guangye Building, Fuhua Road, Futian District
Rm ??, 7/F, Sino Industrial Plaza, 9 Kai Cheung Rd, Kowloon Bay
Rm 16, 7/F, Sino Industrial Plaza, 9 Kai Cheung Rd, Kowloon Bay
Rm 33, 8/F, Sino Industrial Plaza, 9 Kai Cheung Rd, Kowloon Bay
Rm 764-766, Sino Industrial Plaza, 9 Kai Cheung Rd, Kowloon Bay
Rm 16, 7/F, Sino Industrial Plaza, 9 Kai Cheung Rd, Kowloon Bay
Rm 16, 7/F, Sino Industrial Plaza, 9 Kai Cheung Rd, Kowloon Bay
Rm 33, 8/F, Sino Industrial Plaza, 9 Kai Cheung Rd, Kowloon Bay
Rm ??, 7/F, Sino Industrial Plaza, 9 Kai Cheung Rd, Kowloon Bay
Rm ??, 7/F, Sino Industrial Plaza, 9 Kai Cheung Rd, Kowloon Bay
Rm ??, 7/F, Sino Industrial Plaza, 9 Kai Cheung Rd, Kowloon Bay
Rm 33, 8/F, Sino Industrial Plaza, 9 Kai Cheung Rd, Kowloon Bay
Rm 3202, 32/F, Saige Square, Huaqiang North Road, Futian District
Rm 3202, 32/F, Saige Square, Huaqiang North Road, Futian District
Rm 1001, 11/F, Saige Square, Huaqiang North Road, Futian District
Rm 1504, 15/F, Saige Square, Huaqiang North Road, Futian District
Rm 2A 167, ?/F, Saige Square, Huaqiang North Road, Futian District
Rm 3202, 32/F, Saige Square, Huaqiang North Road, Futian District
Rm ???, ?/F, Saige Square, Huaqiang North Road, Futian District
Rm 1701C, 17/F, Saige Square, Huaqiang North Road, Futian District
Rm ???, ?/F, Saige Square, Huaqiang North Road, Futian District
Rm 3306, 33/F, Saige Square, Huaqiang North Road, Futian District
Rm 1702B, 17/F, Saige Square, Huaqiang North Road, Futian District
Rm 3202, 32/F, Saige Square, Huaqiang North Road, Futian District
Rm 3202, 32/F, Saige Square, Huaqiang North Road, Futian District
Rm 6256, 6/F, Saige Square, Huaqiang North Road, Futian District
Rm 12A39, 12/F, Saige Square, Huaqiang North Road, Futian District
Rm 12A39, 12/F, Saige Square, Huaqiang North Road, Futian District
Rm 12A43, 12/F, Saige Square, Huaqiang North Road, Futian District
Rm 12A43-45, 12/F, Saige Square, Huaqiang North Road, Futian District
Rm 3338B, 33/F, Saige Square, Huaqiang North Road, Futian District
Rm 3202, 32/F, Saige Square, Huaqiang North Road, Futian District
Rm 1702B, 17/F, Saige Square, Huaqiang North Road, Futian District
Rm 12G-F, Jingfu Building, Binhe Road, Futian District
Rm 13D, Jingfu Building, Binhe Road, Futian District
Rm 27, Block A, Jingfu Building, Binhe Road, Futian District
Jinghui Block, Jingfu Building, Binhe Road, Futian District
Rm 22H, Jinghui Block, Jingfu Building, Binhe Road, Futian District
Rm 12G-F, Jingfu Building, Binhe Road, Futian District
Rm 19D, Jinghui Block, Jingfu Building, Binhe Road, Futian District
Block A, Jingfu Building, Binhe Road, Futian District
Rm 13D, Jinghui Block, Jingfu Building, Binhe Road, Futian District
Rm 19D, Jinghui Block, Jingfu Building, Binhe Road, Futian District
Rm 27, Block A, Jingfu Building, Binhe Road, Futian District
Rm 15C, Jinghui Block, Jingfu Building, Binhe Road, Futian District
Rm A2, 9/F, Chun Hoi Commercial Building, 688-690 Shanghai Street, Mongkok
Rm A, 10/F, Chun Hoi Commercial Building, 688-690 Shanghai Street, Mongkok
Rm A2, 9/F, Chun Hoi Commercial Building, 688-690 Shanghai Street, Mongkok
Rm A, 10/F, Chun Hoi Commercial Building, 688-690 Shanghai Street, Mongkok
Rm A, 10/F, Chun Hoi Commercial Building, 688-690 Shanghai Street, Mongkok
Rm A2, 9/F, Chun Hoi Commercial Building, 688-690 Shanghai Street, Mongkok
Rm 1407, East Block, Hangyuan building, Zhenhua Rd, Futian District
Rm 1208,Hangyuan building, Zhenhua Rd, Futian District
Rm 804, West Block, Hangyuan building, Zhenhua Rd, Futian District
Rm 2502, West Block, Hangyuan building, Zhenhua Rd, Futian District
Rm 704, West Block, Hangyuan building, Zhenhua Rd, Futian District
Rm 1807, East Block, Hangyuan building, Zhenhua Rd, Futian District
Rm ????, East Block, Hangyuan building, Zhenhua Rd, Futian District
Rm 2005, ???? Block, Hangyuan building, Zhenhua Rd, Futian District
Rm 2301, East Block, Hangyuan building, Zhenhua Rd, Futian District
Rm 2701, West Block, Hangyuan building, Zhenhua Rd, Futian District
Rm 1308, East Block, Hangyuan building, Zhenhua Rd, Futian District
Rm 907, ???? Block, Hangyuan building, Zhenhua Rd, Futian District
Rm 1606, ???? Block, Hangyuan building, Zhenhua Rd, Futian District
Rm 230, East Block, Hangyuan building, Zhenhua Rd, Futian District
Rm 2003, East Block, Hangyuan building, Zhenhua Rd, Futian District
Rm 2501, West Block, Hangyuan building, Zhenhua Rd, Futian District
Rm 2808, East Block, Hangyuan building, Zhenhua Rd, Futian District
Rm 606, East Block, Hangyuan building, Zhenhua Rd, Futian District
Rm 2808, East Block, Hangyuan building, Zhenhua Rd, Futian District
Rm 1605, East Block, Hangyuan building, Zhenhua Rd, Futian District
Rm 801, West Block, Hangyuan building, Zhenhua Rd, Futian District
Rm 2606, West Block, Hangyuan building, Zhenhua Rd, Futian District
Rm 2807, West Block, Hangyuan building, Zhenhua Rd, Futian District
Rm 703, West Block, Hangyuan building, Zhenhua Rd, Futian District
Rm 1603, East Block, Hangyuan building, Zhenhua Rd, Futian District
Rm 804, West Block, Hangyuan building, Zhenhua Rd, Futian District
Rm 0412, QingFu Garden , FuQing Street, FuXing Road, Futian District
Rm 0517, QingFu Garden , FuQing Street, FuXing Road, Futian District
Rm 0907, QingFu Garden , FuQing Street, FuXing Road, Futian District
Rm 0907, QingFu Garden , FuQing Street, FuXing Road, Futian District
Rm 3011, QingFu Garden , FuQing Street, FuXing Road, Futian District
Rm 3211, QingFu Garden , FuQing Street, FuXing Road, Futian District
Rm 503, Tianmian Garden 3 Building, Zhenhua West Road, Futian District
Rm 402, Tianmian Garden 3 Building, Zhenhua West Road, Futian District
Rm 302B, Tianmian Garden 2 Building, Zhenhua West Road, Futian District
Rm 404D, Tianmian Garden 2 Building, Zhenhua West Road, Futian District
Rm ??, 8/F, Tianmian Garden 2 Building, Zhenhua West Road, Futian District
Rm 1A, Tianmian Garden 1 Building (4th building?), Tianmian,Garden, Futian District
Rm ??, 9/F, Tianmian Garden 2 Building, Zhenhua West Road, Futian District
Rm 702, Tianmian Garden 1 Building, Zhenhua West Road, Futian District
1-1-804, Tianmian Garden 2 Building, Zhenhua West Road, Futian District
Rm 9A, Tianmian Garden 2 Building (4th building?), Tianmian,Garden, Futian District
Rm 802B, Tianmian Garden 5 Building, Zhenhua West Road, Futian District
Rm 60, 3rd STE, Tianmian Garden 1 Building, Zhenhua West Road, Futian District
Rm 404D, Tianmian Garden 2 Building, Zhenhua West Road, Futian District
Rm 3, Tianmian Garden 1 Building, Zhenhua West Road, Futian District
Rm 4A, Tianmian Garden 1 Building, Zhenhua West Road, Futian District
Rm 501, 2rd STE, Tianmian Garden 5 Building, Zhenhua West Road, Futian District
Rm 7208, Block C, Shenfang Building, 2001 Huaqiang North Roard, Futian District
Rm 1804-1808, Block A, Shenfang Building, 2001 Huaqiang North Roard, Futian District
Rm 1606-1610, Block B, Shenfang Building, 2001 Huaqiang North Roard, Futian District
Rm 7208, Block C, Shenfang Building, 2001 Huaqiang North Roard, Futian District
Rm 5121, Block C, Shenfang Building, 2001 Huaqiang North Roard, Futian District
Rm 1804, Block A, Shenfang Building, 2001 Huaqiang North Roard, Futian District
Rm 1808, Block A, Shenfang Building, 2001 Huaqiang North Roard, Futian District
Rm 1611, Block A, Baohua Building, 1016 Huaqiang North Road, Futian District
Rm 1728, Block A, Baohua Building, 1016 Huaqiang North Road, Futian District
Rm 1728, Block A, Baohua Building, 1016 Huaqiang North Road, Futian District
Rm 1828, Block A, Baohua Building, 1016 Huaqiang North Road, Futian District
Rm 902, Block A, Baohua Building, 1016 Huaqiang North Road, Futian District
Rm 1063, Block A, Baohua Building, 1016 Huaqiang North Road, Futian District
Rm 1728, Block A, Baohua Building, 1016 Huaqiang North Road, Futian District
Rm 1209, Block A, Baohua Building, 1016 Huaqiang North Road, Futian District
Rm 1901, Block A, Baohua Building, 1016 Huaqiang North Road, Futian District
Rm 1328, Block A, Baohua Building, 1016 Huaqiang North Road, Futian District
Rm 1588, Block A, Baohua Building, 1016 Huaqiang North Road, Futian District
Rm 1728, Block A, Baohua Building, 1016 Huaqiang North Road, Futian District
Rm 1728, Block A, Baohua Building, 1016 Huaqiang North Road, Futian District
Rm 2106, Block A, Baohua Building, 1016 Huaqiang North Road, Futian District
Rm 1728, Block A, Baohua Building, 1016 Huaqiang North Road, Futian District
Rm 1728, Block A, Baohua Building, 1016 Huaqiang North Road, Futian District
Rm 1388, Block A, Baohua Building, 1016 Huaqiang North Road, Futian District
Rm 1806, Block A, Baohua Building, 1016 Huaqiang North Road, Futian District
52805 Gaokede Electronic Trade Center, Zhenhua Road, Futian District
63807 Gaokede Electronic Trade Center, Zhenhua Road, Futian District
63840 Gaokede Electronic Trade Center, Zhenhua Road, Futian District
52806 Gaokede Electronic Trade Center, Zhenhua Road, Futian District
52049-42050 Gaokede Electronic Trade Center, Zhenhua Road, Futian District
51849 Gaokede Electronic Trade Center, Zhenhua Road, Futian District
5905 Gaokede Electronic Trade Center, Zhenhua Road, Futian District
61823 Gaokede Electronic Trade Center, Zhenhua Road, Futian District
Room A, G/F., China Fen Hin Building, 5 Cheung Yue Street, Cheung Sha Wan
Room A, G/F., China Fen Hin Building, 5 Cheung Yue Street, Cheung Sha Wan
Room A, G/F., China Fen Hin Building, 5 Cheung Yue Street, Cheung Sha Wan
Room A, G/F., China Fen Hin Building, 5 Cheung Yue Street, Cheung Sha Wan
Rm ???? International Science & Technology Building, Shennan Middle Road, Futian District
Rm 2405 International Science & Technology Building, No.3007 Shennan Middle Road, Futian District
Rm 2405 International Science & Technology Building, No.3007 Shennan Middle Road, Futian District
Rm 2502 International Science & Technology Building, No.3007 Shennan Middle Road, Futian District
Rm 2501C International Science & Technology Building, No.3007 Shennan Middle Road, Futian District
Rm 2405 International Science & Technology Building, No.3007 Shennan Middle Road, Futian District
Rm 2502B International Science & Technology Building, No.3007 Shennan Middle Road, Futian District
Rm 2501,2502 & 2508, International Science & Technology Building, No.3007 Shennan Middle Road, Futian District
Rm G4, G/F, Hoi Luen Industrial Center, 55 Hoi Yuen Road, Kwun Tong
Rm G4, G/F, Hoi Luen Industrial Center, 55 Hoi Yuen Road, Kwun Tong
Rm G4, G/F, Hoi Luen Industrial Center, 55 Hoi Yuen Road, Kwun Tong
Rm ??, ?/F, Hoi Luen Industrial Centre, 55 Hoi Yuen Rd, Kwun Tong
Rm 1010, Block A, Hoi Luen Industrial Center, 55 Hoi Yuen Road, Kwun Tong
Rm 1123, Hoi Luen Industrial Center, 55 Hoi Yuen Road, Kwun Tong
Rm 1305, Block A, Hoi Luen Industrial Center, 55 Hoi Yuen Road, Kwun Tong
Rm 1406, Hoi Luen Industrial Center, 55 Hoi Yuen Road, Kwun Tong
Rm 6F, Block B, Hoi Luen Industrial Center, 55 Hoi Yuen Road, Kwun Tong
Rm 709, Wing Fat Industrial Building, 12 Wang Tai Road, Kowloon Bay
Rm 708, Wing Fat Industrial Building, 12 Wang Tai Road, Kowloon Bay
Rm 5, ?/F, Wing Fat Industrial Building, 12 Wang Tai Road, Kowloon Bay
Rm 612, Wing Fat Industrial Building, 12 Wang Tai Road, Kowloon Bay
13A, Huayue Building, Nanhua Garden, Huaqiang North Road, Futian District
23A, Huayue Building, Nanhua Garden, Huaqiang North Road, Futian District
7A, Huayue Building, Nanhua Garden, Huaqiang North Road, Futian District
20F, Huayue Building, Nanhua Garden, Huaqiang North Road, Futian District
21F, Huayue Building, Nanhua Garden, Huaqiang North Road, Futian District
20F, Huayue Building, Nanhua Garden, Huaqiang North Road, Futian District
21F, Huayue Building, Nanhua Garden, Huaqiang North Road, Futian District
19E, Huayue Building, Nanhua Garden, Huaqiang North Road, Futian District
77 Tung Fong Area, Kwu Tung North Village, Sheung Shui, N.T.
77 Tung Fong Area, Kwu Tung North Village, Sheung Shui, N.T.
77 Tung Fong Area, Kwu Tung North Village, Sheung Shui, N.T.
77 Tung Fong Area, Kwu Tung North Village, Sheung Shui, N.T.
77 Tung Fong Area, Kwu Tung North Village, Sheung Shui, N.T.
77 Tung Fong Area, Kwu Tung North Village, Sheung Shui, N.T.
77 Tung Fong Area, Kwu Tung North Village, Sheung Shui, N.T.
Rm 916, Block A, Stars Plaza, Huaqiang North Road, Futian District
Rm 1420, Block A, Stars Plaza, Huaqiang North Road, Futian District
Rm 916, Block A, Stars Plaza, Huaqiang North Road, Futian District
Rm 1415, Block A, Stars Plaza, Huaqiang North Road, Futian District
Rm 1420, Block A, Stars Plaza, Huaqiang North Road, Futian District
Rm 1415, Block A, Stars Plaza, Huaqiang North Road, Futian District
Rm 1420, Block A, Stars Plaza, Huaqiang North Road, Futian District
Rm 52806 5/F, SEG Electronics Market, Golconda Trade Center, 163 Zhenhua Road, Futian District
Rm 62851 6/F, SEG Electronics Market, Golconda Trade Center, 163 Zhenhua Road, Futian District
Rm 53820 5/F, SEG Electronics Market, Golconda Trade Center, 163 Zhenhua Road, Futian District
Rm 62852 6/F, SEG Electronics Market, Golconda Trade Center, 163 Zhenhua Road, Futian District
Rm 61866 6/F, SEG Electronics Market, Golconda Trade Center, 163 Zhenhua Road, Futian District
Rm 4C298, 4/F, New Asia World, Zhonghang Road, Futian District
Rm 2B027, the 2nd phase, New Asia, Zhonghang Road, Futian District
Rm 4C005, New Asia World, Zhonghang Road, Futian District
Rm 572-573, New Asia World, Zhonghang Road, Futian District
2A176, Sun Asia Electronic Market, Building 1, ZhongHang Road, FuTian District
2C010A, Sun Asia Electronic Market, Building 1, ZhongHang Road, FuTian District
Rm 4C003, New Asia World, Zhonghang Road, Futian District
Rm 3A016, New Asia World, Zhonghang Road, Futian District
41011A, Sun Asia Electronic Market, ZhongHang Road, FuTian District
Rm N1C168, the 2nd phase, New Asia, Zhonghang Road, Futian District
Rm N1B219, the 2nd phase, New Asia, Zhonghang Road, Futian District
Rm 3C047, New Asia World, Zhonghang Road, Futian District
N2C538, Sun Asia Electronic Market, ZhongHang Road, FuTian District
6/F, Sun Asia Electronic Market, ZhongHang Road, FuTian District
7-C, No. 9 of New Asia, Zhonghang Road, Futian District
N2C538, Sun Asia Electronic Market, ZhongHang Road, FuTian District
??????, Sun Asia Electronic Market, ZhongHang Road, FuTian District
Rm N4A127, the 2nd phase, New Asia, Zhonghang Road, Futian District
Rm N4A127-129, 4/F, New Asia World, Zhonghang Road, Futian District
Rm 3C047, New Asia World, Zhonghang Road, Futian District
Rm 23-29, the 2nd phase, New Asia, Zhonghang Road, Futian District
Rm 1303, the 2nd phase, New Asia, Zhonghang Road, Futian District
Rm 2C053A, the 1st phase, New Asia, Zhonghang Road, Futian District
Rm 4A002, 4/F, New Asia World, Zhonghang Road, Futian District
??????,  Sun Asia Electronic Market, ZhongHang Road, FuTian District
25/F, Sun Asia Electronic Market, ZhongHang Road, FuTian District
Rm 2C053A, the 1st phase, New Asia, Zhonghang Road, Futian District
4C006, Sun Asia Electronic Market, ZhongHang Road, FuTian District
Rm N2C368, the 2nd phase, New Asia, Zhonghang Road, Futian District
Rm N1A079, the 2nd phase, New Asia, Zhonghang Road, Futian District
4B016A, Sun Asia Electronic Market, ZhongHang Road, FuTian District
Rm N4A052, the 2nd phase, New Asia, Zhonghang Road, Futian District
Rm N1B218, the 2nd phase, New Asia, Zhonghang Road, Futian District
8E, Building A, Huaqiang Plaza, 1019 Huaqiang North Road, Futian District
18H, Building B, Huaqiang Plaza, 1019 Huaqiang North Road, Futian District
18B, Building 3, Huaqiang Plaza, 1019 Huaqiang North Road, Futian District
19B, Building C, Huaqiang Plaza, 1019 Huaqiang North Road, Futian District
19B, Building C, Huaqiang Plaza, 1019 Huaqiang North Road, Futian District
12J, Building D, Huaqiang Plaza, 1019 Huaqiang North Road, Futian District
19D, Building C, Huaqiang Plaza, 1019 Huaqiang North Road, Futian District
27G, Building D, HuaQiang Plaza, Huaqiang North Road, Futian District
26J, Building D, Huaqiang Plaza, 1019 Huaqiang North Road, Futian District
9B, Building ?, Huaqiang Plaza, 1019 Huaqiang North Road, Futian District
23E, Building C, Huaqiang Plaza, 1019 Huaqiang North Road, Futian District
19D, Building B, Huaqiang Plaza, 1019 Huaqiang North Road, Futian District
15J, Building B, Huaqiang Plaza, 1019 Huaqiang North Road, Futian District
14C, Building 1, Huaqiang Plaza, 1019 Huaqiang North Road, Futian District
15K, Building 1, Huaqiang Plaza, 1019 Huaqiang North Road, Futian District
18B, Building 3, Huaqiang Plaza, 1019 Huaqiang North Road, Futian District
16B, Building D, Huaqiang Plaza, 1019 Huaqiang North Road, Futian District
135 Domestic Cargo Village Air Park
135 Domestic Cargo Village Air Park
135 Domestic Cargo Village Air Park
135 Domestic Cargo Village Air Park
135 Domestic Cargo Village Air Park
135 Domestic Cargo Village Air Park
135 Domestic Cargo Village Air Park
135 Domestic Cargo Village Air Park
135 Domestic Cargo Village Air Park
135 Domestic Cargo Village Air Park
135 Domestic Cargo Village Air Park
135 Domestic Cargo Village Air Park
135 Domestic Cargo Village Air Park
135 Domestic Cargo Village Air Park
135 Domestic Cargo Village Air Park
135 Domestic Cargo Village Air Park
135 Domestic Cargo Village Air Park
135 Domestic Cargo Village Air Park
135 Domestic Cargo Village Air Park
135 Domestic Cargo Village Air Park
Yuedong Electronics City, Chendian Town, Chaonan District
B102 Yuedong Electronics City, Chendian Town, Chaonan District
Rm 503, Yuedong Electronics City, Chendian Town, Chaonan District
C13 Yuedong Electronics City, Chendian Town, Chaonan District
Yuedong Electronics City, Chendian Town, Chaonan District
B243 Yuedong Electronics City, Chendian Town, Chaonan District
Rm B102 Yuedong Electronics City, Chendian Town, Chaonan District
Rm B102 Yuedong Electronics City, Chendian Town, Chaonan District
B245 Yuedong Electronics City, Chendian Town, Chaonan District
B195 Yuedong Electronics City, Chendian Town, Chaonan District
C128-3 Yuedong Electronics City, Chendian Town, Chaonan District
C13 Yuedong Electronics City, Chendian Town, Chaonan District
B163-164 Yuedong Electronic Center, Chaonan District
Yuedong Electronics City, Chendian Town, Chaonan District
C13 Yuedong Electronics City, Chendian Town, Chaonan District
Rm D5 Yuedong Electronics City, Chendian Town, Chaonan District
A229 Yuedong Electronics City, Chendian Town, Chaonan District
