Able (HK) Electronics Technology Co
Act Technology HK Corporation Ltd  
Ande Electronics Co. Ltd. 
Ande Electronics Co. Ltd. 
Ande Electronics Co. Ltd. 
Aric Electronics Technology (HK) Co
Asian Tech (HK) Co Ltd
Ask International (HK) Co Ltd
Atom (HK) Electronics Co Ltd.
Beld Electronics Technology Ltd
Best Selling Electtronics Co. Ltd.
Billion Team (Shenzhen) Co.,Ltd
Billion Team International Trading
Cady Electronics (HK) Co.,Ltd
Cady Electronics (HK) Co.,Ltd
Chao Yue Electronics Co. Ltd.
Chao Yue Electronics Co. Ltd.
Chengzhi (Hong Kong) Electronic
Cheong Tai (HK) Ltd 
Chip China Technology Co.,Ltd
Chong Kin (HK) Enterprise Co. / Chong Kin Electronics
Chong Kin (HK) Enterprise Co. / Chong Kin Electronics
Chong Kin (HK) Enterprise Co. / Chong Kin Electronics
Chong Kin (HK) Enterprise Co. / Chong Kin Electronics
Chong Kin (HK) Enterprise Co. / Chong Kin Electronics
Chong Kin (HK) Enterprise Co. / Chong Kin Electronics
Chong Kin (HK) Enterprise Co. / Chong Kin Electronics
Chuang Yi Electronics Co.,Ltd 
ChuangYi (HK) Electronics Co.
Defeng Electronics Co., Ltd
East Asia Electronics
East Titan Electronic Co.,Ltd
East Titan Electronic Co.,Ltd
ELECTRONIC CN OFFICE
Elite (HK) Electronic Trade Limited
Excellent Electronics (shenzhen) Co.,ltd
Fair Electronics Co., Ltd.
Fair Electronics Co., Ltd.
Fair Electronics Co., Ltd.
Fair Electronics Co., Ltd.
Far East Electronics Technology
Far East Electronics Technology
Fly (HK) Electronics
Flytech (HK) Electronics Co.,Ltd
Greelly Technology (HK) Ltd
GZ Electronics Ltd
GZ Electronics Ltd
HaoDong (HK) Electron Limited
HaoDong (HK) Electron Limited
HengGuang HG (HK) Electronics Trading Ltd.
Hert Electronics (HK) Ltd
HK B D ELECTRONICS CO. LTD
HK Best-Selling Electronics Co., Ltd
HK Best-Selling Electronics Co., Ltd
HK Chipspace Technology Development Limited
HK Honesty Electronic Technology Co., Ltd
HK Honesty Electronic Technology Co., Ltd.
HK Honesty Electronic Technology Co., Ltd.
HK Hongtaiyu Electronics Co., Ltd
HK Huaerda Electronic Ltd.
HK Jiadong Electronics Co., Ltd
HK Kejin Electronics Limited
HK Kelian Int'l Group Electronics Co., Ltd.
HK Qiuzhan Electronics
HK Quizhen Electronics
HK Texun Co
HK Texun Co
HK TopIC Trade Ltd
HK Wing Tak Lee Electronics Co.
HK Wing Tak Lee Electronics Co.
HK Wing Tak Lee Electronics Co.
HK Wing Tak Lee Electronics Co.
HK Xing Electronic Co.,Ltd
HK Yuda Electric Ltd
HK Zhilihua Electronics Limited
HK Zhilihua Electronics Ltd
Hong Kong Bin Xin Yuan Electronics Ltd
Hong Kong Binxinyuan Electronics Limited
Hong Kong Fair International Electronics
Hong Kong Fair International Electronics
Hong Kong Rixin Electronics Co., Ltd.
Hong Kong Rixin Electronics Co., Ltd.
Hong Kong Summit Electronics Trading Co.
Hong Kong Super Sky Ltd
Hong Kong Tung Tat Electronics Co.
Hong Kong Viltz Electronics Co, Ltd.
Hong Kong Viltz Electronics Co, Ltd.
Hong Kong Yu Hong Technologies Co., Ltd.
Hong Kong Yu Hong Technologies Co., Ltd.
HONG VU ELECTRONIC CO LTD
Honour (HK) Electron Limited
HT Trading (Shenzhen) Co., Ltd
HuaXing YuanDa Electronics Co., Ltd.
HuiJiang Electronics Ltd.
HY Electronics Co., Ltd.
HY Electronics Co., Ltd.
IC Supermarket Trade Ltd.
IK ELECTRONICS CO
INICOM ELECT CO
IRISON ELECTRONIC CO.
J H Electronics, Inc.
Jianhui Electronics Co. Ltd.
JiaRui Electronic Technology Co., Ltd
Jiashunda (HK) Electronics Ltd
Jie Lee Tat Electronics Technology Limited
Jisheng Electronics Co.Ltd
JK Technology (HK) Ltd
JP Trading Co., Ltd.
Junsheng Electron Co., Ltd
K L (International) Trading Company
Kaka (HK) Electron Co. Ltd.
Kang Da Electronics Co
Huhui 100 B-19C Zhong Hang Rd
Shenzhen, CN 
Karliter Electronics (HK) Ltd.
KCT INC
KCT INC
KED AHU (ASIA) LIMITED
Kehao International Trade Co., Ltd
KELIAN INTERNATIONAL GROUP ELECTRONICS
KELIANMENG ELE CO., LTD
Keyuda (HK) Electronics Co. Ltd.
KK Electronics Co. Ltd.
KLD International Trading Co
KLD International Trading Co
KY International Trading Co
100A Duhui Bldg AB Zhonghang, 291
Shenzhen, CN 518031
Leader Industrial (HK) Limited
LINDA
Linda XIAO
Ling Ke Electric Trade Co., Ltd
LINKR Electronic Trading Co., Ltd.
LINKR Electronic Trading Co., Ltd.
LINKR Electronic Trading Co., Ltd.
LULU FA ELECTRONIC CO LTD
Migao Electronic Technology Co. Ltd.
Migao Electronic Technology Co. Ltd.
Migao Electronic Technology Co. Ltd.
Migao Electronic Technology Co. Ltd.
Migao Electronic Technology Co. Ltd.
Million Star International Co. Ltd.
Min Xin Technology (HK) Electronics Co.
Mr. Chen
My Group (ASIA) Ltd.
NamFung Groups (HK) Electronics Ltd
NamFung Groups (HK) Electronics Ltd.
New Power Electric Co.
New Power Electric Co.
New Power Electric Co.
Newkoda HK Electronics Co.,Ltd.
Newkoda HK Electronics Co.,Ltd.
Nosin (HK ) Electronics Co.
Nosin (HK ) Electronics Co.
Ocean Electronic (Int'l) Ltd.
OIC Electronics Hong Kong Co., Ltd
OIC Electronics Hong Kong Co., Ltd
OIC Electronics Hong Kong Co., Ltd
OIC Electronics Hong Kong Co., Ltd
Outer Electronic Technology (HK) Limited
Outstanding Components (HK) Co., Ltd
Pengxun Trading Co., Ltd
Pengxun Trading Co., Ltd
Power Success Technology Development Ltd.
R.T.L
R.T.L. Products
RAISE REAL LTD
Rolics Technology Ltd.
Rolics Technology Ltd.
Royal International Electronics Ltd
Santion Components Co., Ltd.
Santion Components Co., Ltd.
Sea Well International Trading Ltd.
Sektion Electronics Co., Ltd.
SHENZHEN AO LIAN ELE CO.
Shenzhen Chengzhi Electronic Development Co., Ltd
Shenzhen Chuangxinda Electronics-Tech Co., Ltd.
Shenzhen DW Electronics Technology Co., Ltd
Shenzhen Goldtime Electronics Co
Shenzhen Haixinyuan Electronics Co., Ltd.
ShenZhen Hong Yu Electrical Co. Ltd
Shenzhen HongYu Electronics Co., Ltd
Shenzhen Huaxin Yuanda Co., Ltd
Shenzhen Huayuan Shitong Technology Co., Ltd
Shenzhen Kemeng Electronics Co., Ltd.
Shenzhen New Power Electronics Co. Ltd.
Shenzhen Peng Cheng Electronics Co., Ltd
Shenzhen Rixin Electronics Co., Ltd.
Shenzhen Rixin Electronics Co., Ltd.
Shenzhen Rongtai Electronics Co., Ltd.
Shenzhen Saktion Electronics Co., Ltd
Shenzhen Suntongkok Electronics Co.,Ltd.
Shenzhen Welch Electronics Technology Co., Ltd.
Shenzhen Xina Electronics Co
Shenzhen Yanye Electronic Co., Ltd
Shenzhen Yanye Electronic Co., Ltd
Shenzhen Yonghelong Electronics Co., Ltd.
Sicno (HK) Electronics Ltd 
SN (HK) Electronics Co
Solid IC Sourcing Co Ltd
Sonar Electronics
Suntronic (Shenzhen) Electronic Technology Co
Sunward Electronics INT'L Trading Co.
T T HK ELECTRONICS LTD
Talent Electronics Trading Company
Talent Electronics Trading Company
Talent Electronics Trading Company
TBS Electronics (HK) Ltd
TCL IC ELECTRONICS CO
Tenco Electronics Co., Ltd
Tian Xin technology Ltd
Duhui Building
Futian, Shenzhen, CN
Tianke Electronics (HK) Ltd.
TOP IC (HK) Technology Co., Ltd
Top International Component
Toptech (HK) Electronics
Unicom Electronics Corporation
Unicom Electronics Corporation
Unicom Electronics Corporation
Unknown
Vision Innovation Technology
WEIXIN (HK) INT'L ELECTRONICS CO 
World Sailing (HK) Electronics Co., Ltd
XIN XIN ELCETRONNIC CO LTD
Yangcheng Electronics Int'l Ltd
Yangcheng Electronics Int'l Ltd
YESSING
Yessing Industrial (HK)
YHX Technology (HK) Development Co., Ltd.
Yu Hong Technologies Limited
Yu Hong Technologies Limited
Yu Hong Technologies Limited
Yu Hong Technologies Limited
Yu Hong Technologies Limited
Yu Hong Technologies Limited
Yu Hong Technologies Limited
Yu Hong Technologies Limited
YUE XING ELE. CO. LTD.
YUE XING ELE. CO. LTD.
YUE XING ELE. CO. LTD.
Zhengya Electronics (HK) Co Ltd.
Zhongxin Electronics Co., Ltd
Zhongxin Electronics Co., Ltd.
ZHONGYA INTERNATIONAL TRADE CO HK
Advanced Tech Electronics
Advanced Tech Electronics
AMD (HK) Electronics
Anwell Components Co.
Ao Yuet (HK) Electronics Limited
Asian Tech (HK) Co Ltd
Belt (HK) Electronics Co.Ltd
Bernal Technology Ltd
Canxing Electronic Co.,Ltd
Chao Yue Electronics Co. Ltd.
Dong Da Electronics Co., Ltd.
Equator Electronics Co., Ltd
Excellent Electronics (shenzhen) Co.,ltd
Gaohui Electronics Co., Ltd
Gaohui Electronics Co., Ltd
Gaohui Electronics Co., Ltd
Green Globe International, Inc
GuangMao Electronics Co
GuangMao Electronics Co
Highlight Electronics Co (HK) Ltd
HK Hama Electronic Co.Ltd
HK J&M International Co., Ltd
HK LongSheng Electronics Co., Ltd.
HK LongSheng Electronics Co., Ltd.
HK Meixunda Electronics Co. Ltd.
HK Meixunda Electronics Co., Ltd
HK Summit Electronics Trading Company
Hong Dark Electronic Trade
Hong Dark Electronic Trade
Hong Dark Electronic Trade
Hong Kong Ke Yu Electronics Co., Ltd
Hong Kong Two L Electronic Ltd.
Huaer Quiang Electric Technology
IC World (HK) Electronics Ltd
KaiYuan Electronics Co., Ltd
Kang Da Electronics Co.
LSYK ELECTRONICS CO.LTD.
Macom International (HK) Chips Trading Co
Min Xin Technology (HK) Electronics Co.
Minxin Technology
Minxin Technology
Miracle Electronics
Nova Electronics Co., Ltd
Pacific Electronics Hongkong Co.
PATELIAN TECHNOLOGY CO.LTD
Sanbao Electronic Co., Ltd
Shenzhen Chuang Xing Da Electronics
Shenzhen Chuangxinda Electronics-Tech Co., Ltd.
Shenzhen Chuangxinda Electronics-Tech Co., Ltd.
Shenzhen Chuangxinda Electronics-Tech Co., Ltd.
Shenzhen Futian Retail Express Store
Shenzhen Mayray Development Co., Ltd.
SKYDOOM TECHNOLOGY
SN (HK) Electronics Co
SunPlus Electronics
Sunward Electronics INT'L Trading Co.
Surpass Hi-tech (HK) Electronics Co.
Surpass Hi-tech (HK) Electronics Co.
Talent Electronic Co., Ltd
Tianma Microelectronics Co., Ltd.
Trustech Electronics Co., Ltd
VLO International Co., Ltd
Wah Luen Shing Electronics (HK) INTL Co., Ltd.
Wah Tat Electronics Co., Ltd.
WINNER ELE
Wuhan Qianjin Network Technology Co., Ltd.
Zexin Electronics Co.
Zexin Electronics Co.
ALC SG PTE Ltd
Apogee Electronic Co., Ltd
Arkumi Sho Ji Co.,LTD
Ask International (HK) Co Ltd
Atom (HK) Electronics Co Ltd.
Atom (HK) Electronics Co Ltd.
Atom (HK) Electronics Co Ltd.
Aujay Technology (HK) Ltd
BCP Semiconductor Co., Ltd
Billion Team (Shenzhen) Co.,Ltd
Billion Team (Shenzhen) Co.,Ltd
Brosong International Ltd.
Damsung Int'l (HK) Co., Ltd
GK Electronics Ltd
Greelly Technology Ltd.
Haodexin Electronic Co., Ltd
HK Carol Electronic Co., Ltd.
HK Guangsheng International Co., Ltd
HK Honesty Electronic Technology Co., Ltd.
HK Hymnal Tech Co., Ltd
HK Jiaweiyi Technology Ltd
HK Jiaweiyi Technology Ltd
HK Jiaweiyi Technology Ltd
HK Jiaweiyi Technology Ltd.
HK Peng Hui Da Electronics Co., Ltd
HK Peng Hui Da Electronics Co., Ltd
HK Potential Electronics
HK Tairui Electronic Co., Ltd
HK Wing Tak Lee Electronics Co.
Honour (HK) Electron Limited
Huanyu Electronics (HK) Co., Ltd
Interine Electronics Pan Asia Co., Ltd
Jisheng Electronics Co.Ltd
Kaka (HK) Electron Co. Ltd.
Kaka (HK) Electron Co. Ltd.
Kaka (HK) Electron Co. Ltd.
Kaka (HK) Electron Co. Ltd.
Kang Da Electronics Co.
Keyokin Electronic Co., Ltd.
Keyuda (HK) Electronics Co. Ltd.
Keyuda (HK) Electronics Co. Ltd.
Ko Wah International Ltd
My Group (ASIA) Ltd.
NamFung Groups (HK) Electronics Ltd.
Powerful Industrial Int'l Ltd
Richking Electronics (HK) Ltd
Romate Semiconductor
Romate Semiconductor
Romate Semiconductor
Romate Semiconductor
SCOMCHIPS INTERNATIONAL HKK
Shenzhen Flying Technology Co Ltd
SHENZHEN MICROPART
Sky Foundation Technology Co., Ltd.
Sunny LEE
Universe Electronics (HK) Co., Ltd
Waytech Electronics Co., Ltd.
Winsome Electronic Ltd
Yessing Industrial (HK)
Yessing Industrial (HK)
Yongzheng Technology (HK) Co., Ltd
Yongzheng Technology (HK) Co., Ltd
Yongzheng Technology (HK) Co., Ltd
Yuexing Electric Co., Ltd
Atom (HK) Electronics Co Ltd.
Atom (Hong Kong) Electronics Co., Ltd
BUY-E CO LTD
Chang Sheng Dian Zi
Daxin Technology Electronic Co.,Ltd
Electra Select Components
Expert (HK) Technology Co.
Fangcheng Yuan Technology
Gold Horse Electronics Co., Ltd.
Goldtech (HK) Electronic Co. Ltd
Great Wall Trading (HK) Co. Ltd.
Hert Electronics (HK) Ltd
HK CHIP SEA ELECTRONICS CO LTD
HK Hama Electronic Co., Ltd
HK Hama Electronic Co.Ltd
HK Jiaweiyi Technology Ltd
HK Jiaweiyi Technology Ltd.
HK JINHAI (ShenZhen) Electronics Co., Ltd.
HK Jinhai Electronics Co.,Ltd
Hong Dark Electronic Trade
Hong Dark Electronic Trade
Hong Kong Two L Electronic Ltd.
Hong Kong United Electronic Development Co.,Ltd.
Honour (HK) Electron Limited
Honour (HK) Electron Limited
Hop Shun Electronic Trade Company
HY Electronics Co., Ltd.
INEN (HK)ELECTRONICS CO LTD
Jerry Electronics
Jerry Electronics
Jerry Electronics
Jing Tian Electroic Co. Ltd.
JOHN NLN
Kaka (HK) Electron Co. Ltd.
Keyokin Electronic Co., Ltd.
Keyuda (HK) Electron Limited
Kwan Fat Technology Company
Kwan Fat Technology Company
Kwan Fat Technology Company
Meicheng Technology (HK) Electronics
Net Enterprise Co., Ltd
North Eternal Tech (HK) Co., Ltd
Ocean Expanding Electronics Inc.
Saiqiang Technology (HK) Co.,Ltd.
Sektion Electronics Co., Ltd.
Sektion Electronics Co., Ltd.
Shenyang Qingfa Electric Co., Ltd
Shenzhen Kemeng Electronics Co., Ltd.
Shenzhen KeXun Electronics Co.Ltd
Shenzhen Sanhui Zhengxing Technology Co., Ltd
Shenzhen Yi Xin Electronic Technology Co., Ltd.
ShenZhen Yingxinyuan Electron Technolgy Co.,Ltd.
Si Lai Ke Co., Ltd
SS IC INTERNATIONAL LTD
Sunward Electronics
Teng Yuan Electronics Co., Ltd
Tilufa Electronics Ltd
TY International Components Ltd
ULS Elec Ltd
Wonderwing (H.K) Electronics Ltd.
Wonderwing (H.K) Electronics Ltd.
Xiangda Electronics
Xiangda Electronics
Xiangda Electronics
Xinyuanda (HK) Electronics Co,. Ltd.
Zheng Jun Electronics
Aino Electronics (HK) Ltd
Chip China Technology Co.,Ltd
Golden Fly Electronic Ltd
Golden Fly Electronic Ltd
Great Wall Trading (HK) Co. Ltd.
Great Wall Trading (HK) Co. Ltd.
HK Viltz Electronics Co., Ltd
Hong Kong Inductors Ltd
Hong Kong Industors Limited
Hong Kong Two L Electronic Ltd.
Hongkong Shengxin Electronics Co., Ltd
HuiJiang Electronics Limited
Huyuan Technology Ltd.
IC TOP ELEC INC
IC Well Electronics (HK) Co.,Ltd.
IC Well Electronics Co., Ltd
JFJ Electronic Co., Ltd
JFJ Electronic Co., Ltd
KZY
My Group (ASIA) Ltd.
Net Enterprise Co., Ltd
North Technology Co., Ltd.
Sharp Peak Technology Electronics Co., Ltd
Shenzhen AZ Electronics Co., Ltd
Sky Far Electronics Hong Kong Co., Ltd
STK Electronic Co., Ltd
STK Electronics Ltd.
Unionup Electronics (HK) Co., Ltd
WELL Electronics Co., Ltd
Winking Semiconductor Ltd
XIANGDA ELECTRONICS (HK) LIMITED
ZhengXinyuan Electronics (HK) Co., Ltd
A Access Electronics (HK) Ltd
ABC Electronics 
Accelerated Tech Electronics Co. Ltd.
Achieve-tec(HK) Trading Co.,Ltd
Achieve-tec(HK) Trading Co.,Ltd
Elite (HK) Electronic Trade Ltd
First Choice Electronics
Haoyu Electronics Co.Ltd
Hautai (HK) Electronics Ltd
HENG FENG TAIL ELECTRONICS (HK) CO
HK August Electronic Ltd.
HK BMC Electronics Co., Ltd
HK Elsung Electronics Ltd
HK Elsung Electronics Ltd.
HK Elsung Electronics Ltd.
HK Potential Electronics
Huasheng Electronics Co Ltd 
Huatai (HK) Electronics Co
HY Electronics Co., Ltd.
Jerry Electronics
King Role Industrial (HK) Ltd
Kingrole Industry (HK) Ltd
Sunpower Technology Co.,Ltd
SUNVALLEY TECHNOLOGY CO
Top Electronic Technology Co., Ltd.
Wah Luen Shing Electronics (HK) INTL Co., Ltd.
Bencom Components Co Ltd
Goldenwall Electronics Co., Ltd
HK Jixuntong Technology Co., Ltd
Hong Dark Electronic Trade
Hongtu Hangyang Electronic (HK) Co
Multiwin Group Ltd
Outcome Technology Co., Ltd 
Shenzhen Hongke Electronics Co., Ltd
BUY-E CO LTD
East Titan Electronic Co., Ltd
East Titan Electronic Co.,Ltd
Free Components Co Ltd
Free Components Co Ltd
HK Yue Jin Peng Electronics Co, Ltd
IC Supply Ltd
Kehua Electronics (HK) Ltd
Majestic Trading Development Co., Ltd
Shenyang Qingfa Electric Co., Ltd
SI LAI KE CO LTD
TT Group (USA) Ltd
USA IC Ltd
WTO GROUP
Yangcheng Electronics Int'l Ltd
Changtai Electronics Technology Co., Ltd.
Excellent Electronics (shenzhen) Co.,ltd
GDX Components Ltd
GDX Components Ltd
Greelly Technology (HK) Ltd
Hi Aim Semiconductor
HK Meixunda Electronics Co. Ltd.
Kang Da Electronics Co.
Kang Da Electronics Co.
Keminglong Electronic Co. Ltd.
MEIERDA ELECTRONIC
Pengyuan Electronic Co Ltd.
Quanzhou Sanbao Electronic Co., Ltd.
Shenzhen IC Ocean Electronic Co., Ltd
Shenzhen Keyuan Electronic Technology Co., Ltd.
Shenzhen Sanzheng Electronics.Co.,Ltd.
Shenzhen Yi Xin Electronic Technology Co., Ltd.
Shenzhen Yuanlitong Electronics Co., Ltd   
Shenzhen Yuegang Technology Co., Ltd.
ShenZhen ZhongKe Electronics Development Co., Ltd
Yilufa Electronics Inc
Expert (HK) Technology Co.
First Choice Electronics
Haodexin Electronic Co., Ltd
MYH Technology Ltd
Tianke Electronics (HK) Ltd.
WIEZ UK LTD
Xiangda Electronics
Yangcheng Electronics Int'l Ltd
Asco Technology Co., Ltd
Etriw Electronics Co., Ltd
Shenzhen New Vision Technology Co., Ltd
Zhong Mei Jia (HK) Electronics Co., Ltd.
XianNeng Technology (HK) International Ltd
ZhiXin Electronic Industry Co., Ltd.
HK LRF Components
Abundant (HK) International Ele Co
Prestige Electronic Co., Ltd
HK LRF Components
HK LRF Components
Keminglong Electronic Co. Ltd.
E-Light Electronics (HK) Co., Ltd
Ande Electronics Co., Ltd
DMB (HK) Electronics CO.
DMB (HK) Electronics Co.
Dong Da Electronics Co., Ltd.
EC TRADE SHIPPING CENTER
Elite (HK) Electronic Trade Limited
Elite (HK) Electronic Trade Ltd
GDX Components Ltd
HK Carol Electronic Co., Ltd.
HK FLAMA ELECTRONIC CO LTD
HK Hama Electronic Co.Ltd
HK LongSheng Electronics Co., Ltd.
HK Potential Electronics
Hong Dark Electronic Trade
Newkoda HK Electronics Co.,Ltd.
Sunpower Technology Co.,Ltd
Sunpower Technology Co.,Ltd
Surpass Hi-tech (HK) Electronics Co.
Surpass Hi-tech (HK) Electronics Co.
Top Sky Technology International Co., Ltd
TY International Components Ltd
V-Super Components Int'l Ltd
Yilufa Electronics Inc
Zexin Electronics Co.
Zexin Electronics Co.
"Mr. Fang"
Advanced Chip Technology Limited
CHH Technology Co., Ltd
Chuangheng Technology (Shenzhen) Electronic Co.,Ltd 
Electra Select Components
Great Wall Trading (HK) Co. Ltd.
Hong Kong E-bright Electronics Limited
Longwei Logistics
Shenzhen Kaien Technology Co., Ltd
Yfhex Logistics (HK) Co., Ltd
At One Electronics Co
At One Electronics Co
At One Electronics Co
Elecia Technology Co., Limited
Gaohui Electronics Co., Ltd
Min Xin Technology (HK) Electronics Co.
Min Xin Technology (HK) Electronics Co.
Minxin Technology
Nova Electronics Co., Ltd
Shenzhen Chuang Xing Da Electronics
Shenzhen Chuangxinda Electronics-Tech Co., Ltd.
Century Technology Co
Chong Xing Tong Electronics Co., Ltd 
Expert (HK) Technology Co.
F-Power Electronics Co., Ltd
Great Wall Trading (HK) Co. Ltd.
HK Chong Xin Tong Electronics Co., Ltd
Hong Kong YQ International Group Ltd
HuaHui (HK) Electron Ltd.
Keda (HK) Electronics Co
Magic Electronic Co., Ltd
NOC Technology (HK) Electronics Co.
Novastar Co., Ltd.
Novastar Electronics Ltd
SAIGE ELE MARKET
SUN ELE (HK) INT'L TRADING CO
Sunward Electronics INT'L Trading Co.
Sunward Electronics INT'L Trading Co.
Sunward Electronics INT'L Trading Co.
Tianma Microelectronics Co., Ltd.
Wah Luen Shing Electronics (HK) INTL Co., Ltd.
Weixia Electronics
BUY-E CO LTD
BUY-E CO LTD
BUY-E CO LTD
Buy-E Co Ltd 
Chip China Technology Co.,Ltd
Haoyu Electronics Co., Ltd
IC Well Electronics (HK) Co.,Ltd.
IC Well Electronics Co., Ltd
Jerry Electronics
JFJ Electronic Co., Ltd
Ocean Engineering Electronics Co., Ltd
STYLE GALLERY IND CO LTD
Haoyu Electronics Co.Ltd
HY (HK) IC Ltd
Jerry Electronics
Jerry Electronics
JM Electronic
MY ELEC CO LTD
ARS Electronics Company Ltd
B&B (HK) Electronics Co., Ltd 
Billion Team International Trading
Clic Electronics Co. Limited
DIKESHEN KEJI(YINGGUO) CO.LTD
Dong Da Electronics Co., Ltd.
Dongda Electronic Co., Ltd. 
Etop International Trading Co., Ltd
Hong Kong Rixin Electronics Co., Ltd.
NamFung Groups (HK) Electronics Ltd.
Red Green Blue Optoelectronic Technology Co., Ltd
RED WIND ELECTRONICS CO.
RED WIND ELECTRONICS CO.
Rixin Electronics Co., Ltd
Sarah LNU
Shenzhen Ideal Electronics Co.,Ltd.
SHUN FEI DA HK ELEC CO
Songlin Electronics (HK) Co., Ltd
SUDDEN LIGHT ELEC CO
Superior Electric Co
Tianke Electronics (HK) Ltd.
Tianke Electronics (HK) Ltd.
Tianke Electronics (HK) Ltd.
WIGA ELECTRONIC HK CO LTD.
Xinxing Electronic Co., Ltd
Yessing Industrial (HK)
R.E.CC
HK Etop International Trading Co., Ltd
Sinhyah Electronics Company Ltd
Mangrove (HK) Electronic Ltd.
Mangrove (HK) Electronic Ltd.
HK Green System Ltd
Beijing Kehong Weiye Technology Development Co., Ltd.
Destin Electronic
F-power Electronics Co.
F-Power Electronics Co., Ltd
Good Time Electronic Group Limited
Green Parts Electronics (HK) Co.,Ltd
HaiLi (HK) Technology Co,. Ltd
Hert Electronics (HK) Ltd
HK Enzq Industrial Co., Ltd
IC Unlimited Co,. Ltd
Iron Relation Semiconductor Ltd.
King Tech International Technology Ltd
Kingkong Electronics Co., Ltd
Wide Key International Co., Ltd
Xingye Electronics (HK) Co., Ltd
Zexin Electronics Co.
East Technology (HK) Trading Co., Ltd
Elite (HK) Electronic Trade Ltd
Greelly Technology (HK) Ltd
Macire International Trade Co., Ltd
Raytech Electronics Co., Ltd
Sunpower Technology Co.,Ltd
Sunpower Technology Co.,Ltd
Adjustic Electronics Co. Ltd.
Adjustic Electronics Co., Ltd
ANMING ELE TRADING CO
August Electronic Co., Ltd
Brothers Electronics Company
Dolphin Electronics Ltd
Etong Electronics Co.,Ltd 
Fengyuan Technology Co., Ltd.
F-Power Electronics Co., Ltd
HK August Electronic Ltd.
Hong Kong Yue Jin Peng Electronics Co., Ltd
KEMIN YUAN ELE CORP
KMY (HK) Electronics Ltd
Novastar Electronics Ltd
Sharp Peak Technology (HK) Electronics Co., Ltd
Shenzhen Kemingyuan Electronic Co. Ltd.
Shining Star Asia Ltd
SHUN YUAN ELE CO.LTD
ABC (HK) Electronics Co., Ltd.
Aesky Technology Co., Ltd 
Cheung Wah (HK) Electronics Technology Co., Ltd
HK License Creation (HK) Technology Co
HY (HK) IC Ltd
Tianke Electronics (HK) Ltd.
TY International Components Ltd
Wah Luen Shing Electronics (HK) INTL Co., Ltd.
Jetpost International Limited
May Ki Trading Agent Co., Ltd
SHEN ZHEN SHUN YUN FENC O JP
Yessing Industrial (HK)
Bright International
BUY IC ELECTRONICS COMPANY
Dongda Electronic Co., Ltd. 
Global Supply Enterprise Ltd.
IC Supply Ltd
Surpass Hi-tech (HK) Electronics Co.
TT Group (USA) Ltd
Yangcheng Electronics Int'l Ltd
Sun On Transportation Co
Million Star International Development Ltd
Million Star International Development Ltd
AVII ELECTRO INC
YHX Technology (HK) Development Co., Ltd.
Saviliter Technology Co., Ltd
HK August Electronic Ltd.
Million Star International Co. Ltd.
Million Star International Co. Ltd.
Expert (HK) Technology Co.
F-Power Electronics Co., Ltd
HK Jiaweiyi Technology Ltd
Leadgo Limited
3C Asia Co. Ltd. 
Chaoyang Huandong Electronic Co., Ltd
Chuang Sheng Electronics Technology
HK BMC Electronics Co., Ltd.
HK BMC Electronics Co., Ltd.
HK Potential Electronics
HK Potential Electronics
Skypoint Technology Trading Co., Ltd.
WX Electronics Office 2
GK Electronics Ltd
Green Component Ltd
Maga Taiwan Technology Co., Ltd
Nampha Elek & Foreign Trade Ltd.
Nate Electronics Pte Ltd
Yessing Industrial (HK)
Chipnet Components Ltd
Chuang Meng Business Co Ltd
Extra Technology Ltd
Giant Team International Ltd
Giant Team International Ltd
JIANGXU Technology Co., Ltd
Shenzhen Changbai Xidian Co., Ltd
Gic Technology Co., Ltd
MEIMING ELECTRONIC TECH INC
Southern Electronics Tech Ltd.
Aino Electronics (HK) Ltd
Aujay Technology (HK) Ltd
AZ Electronics Ltd
Cady Electronics (HK) Co.,Ltd
ChuangYi (HK) Electronics Co.
Daheng Electronics Co., Ltd.
E-key Electronics HK Ltd
HaiXun Da Electronics
Hert Electronics (HK) Ltd
HK Elsung Electronics Ltd.
HK Tonmy Electronics Company
HK Yue Jin Peng Electronics Co, Ltd
Hong Kong Shengxin Electronics Co., Ltd
Hua Tong Electronic Co., Ltd.
IC Supermarket Trade Ltd
Intrine Electronics Pan Asia Co Ltd
Jete Electronics Co., Ltd
Jian Hui Electronics
Junsheng Electronic Co., Ltd
Keming Long Electronics
Keminglong Electronic Co. Ltd.
Million Star International Co. Ltd.
My Group (Asia) Ltd
My Group (ASIA) Ltd.
My Group (ASIA) Ltd.
Newkoda HK Electronics Co.,Ltd.
RUNJIUFO ELECTRONICS CO 
Sanway Electronics Ltd
Shenzhen Daxinke Electronics Co.,Ltd
Shenzhen Welch Electronics
Shenzhen Yuanlitong Electronics Co., Ltd.
Wah Luen Shing Electronics (HK) INTL Co., Ltd.
Winshare Electronics Co., Ltd
Zexin Electronics Co.
Zhongyuan Electronics (HK) Ltd
Adli Electronics (HK) Ltd.
Baili Electronic (HK) Ltd
GDX Components Ltd
HK Enzq Industrial Co., Ltd
HK Enzq Industrial Co., Ltd
HK LongSheng Electronics Co., Ltd.
Kehai Weiye International Electronics Ltd
Macire International Trade Co., Ltd
Meidong (HK) Electronics Co., Ltd
Shenzhen AYE Technology Co. Ltd
Taiwan Anprosperous Technology Co., Ltd.
Wintrus Tech (HK) Co., Ltd
Wintrus Tech (HK) Co., Ltd.
Yilufa Electronics Inc
Yilufa Electronics Inc
Yilufa Electronics Inc
ZhengXinyuan Electronics (HK) Co., Ltd.
1st-IC Electronics
Abundant (HK) International Ltd.
An Xing Electronic
Atom (HK) Electronics Co Ltd.
Cady Electronics (HK) Co.,Ltd
Chang Sheng Dian Zi
eFine Technology Ltd
F-Power Electronics Co., Ltd
Free Components Co Ltd
Golden Fly Electronic Ltd
Greelly Technology (HK) Ltd
Guangdong Coe Logistics Co Ltd
HaoDong (HK) Electron Limited
HK Potential Electronics
Hong Kong Yuezhang Electronics Co
Kaka (HK) Electron Co. Ltd.
Keyuda (HK) Electronics Co. Ltd.
Million Star International Co. Ltd.
Shenzhen Chuangxinda Electronics-Tech Co., Ltd.
Wintrus Tech (HK) Co., Ltd.
1st-IC Electronics
Ace (HK) Eelctronics Technology Co., Ltd.
Arcbase Electronics Co., Ltd 
Far East Co Ltd
Golden Resources Int'l Components Ltd
GUANGDONG MEIKUN ELECTRONICS
HK Ale Electronics Co., Ltd
HK Ale Electronics Co., Ltd
Hongfa Electronics
Keminglong Electronic Co. Ltd.
KK Electronics Co. Ltd.
KK Electronics Co. Ltd.
Liangfa Electronics
Lida Electronics
MSN (HK) Components Ltd
Outstanding Components (HK） CO.Ltd
YI LONG ELECTRICAL (HK) LTD
