Altera
Altera
Microsemi/Actel
Microsemi/Actel
Microsemi/Actel
Microsemi/Actel
Microsemi/Actel
Microsemi/Actel
Motorola
Motorola/Freescale
Philips/NXP
Texas Instruments
Toshiba
Xilinx
Xilinx
Xilinx
Xilinx
Xilinx
Xilinx
Xilinx
Xilinx
Xilinx
Xilinx
Xilinx
Xilinx
Xilinx
Altera
Altera
Altera
Altera
Altera
Altera
Altera
AMD
AMD/Spansion
Analog Devices
Microsemi/Actel
Microsemi/Actel
Microsemi/Actel
Microsemi/Actel
Microsemi/Actel
Microsemi/Actel
Microsemi/Actel
Microsemi/Actel
Microsemi/Actel
Microsemi/Actel
Microsemi/Actel
Microsemi/Actel
Microsemi/Actel
Philips/NXP
Texas Instr/Austin
Xicor
Xicor
Xicor
Xilinx
Xilinx
Xilinx
Xilinx
Xilinx
Xilinx
Xilinx
Xilinx
Xilinx
Xilinx
Xilinx
Xilinx
Xilinx
Xilinx
Xilinx
Xilinx
Xilinx
Xilinx
Xilinx
Xilinx
Xilinx
Xilinx
Xilinx
Xilinx
Xilinx
Xilinx
Intersil
Motorola/Freescale
National
National 
TDK
TDK
Toshiba
Zilog
Agilent/Avago
AMD
Analog Devices
Analog Devices
Analog Devices
Analog Devices
Analog Devices
Atmel
Burr Brown
Burr Brown
Burr Brown
Burr Brown
Burr Brown
Burr Brown
Burr Brown
Burr Brown
Chips/Asiliant
Conexant
Conexant
Cypress
Cypress
Fairchild
Harris
Harris
Hitachi
Hitachi
ICS
IDT
Intersil
Intersil
Intersil
Intersil
Linear Tech
Linear Tech
Linfinity/SG
Majestic
Majestic
Malay
Maxim
Maxim
Maxim
Microlinear/Fairchild
Microsemi 
Motorola
Motorola
Motorola
Motorola
Motorola
Motorola
Motorola/Freescale
Motorola/ON Semi
Motorola/ON Semi
National
National
National
National
National
OKI/Lapis
Philips or Intersil
Philips/NXP
Seagate
Sharp
Siliconix
Sipex
Texas Instruments
Texas Instruments
Texas Instruments
Texas Instruments
Toshiba
Toshiba
Zilog
Zilog



